Archive member included because of file (symbol)

C:/Users/Alex/Desktop/Embedded/CodeWarrior/Tchpd/Sources/TSS\libTSS_KXX_M0.a(TSS_ASliderDecoder.o)
                              ./Sources/TSS/TSS_SystemSetupData.o (TSS_ASliderDecoder)
C:/Users/Alex/Desktop/Embedded/CodeWarrior/Tchpd/Sources/TSS\libTSS_KXX_M0.a(TSS_Filters.o)
                              ./Sources/TSS/TSS_SystemSetupData.o (TSS_KeyDetectorInitPrevCapSample)
C:/Users/Alex/Desktop/Embedded/CodeWarrior/Tchpd/Sources/TSS\libTSS_KXX_M0.a(TSS_KeyDetector.o)
                              ./Sources/TSS/TSS_SystemSetupData.o (TSS_KeyDetectorRecalibrationRequest)
C:/Users/Alex/Desktop/Embedded/CodeWarrior/Tchpd/Sources/TSS\libTSS_KXX_M0.a(TSS_Main.o)
                              ./Generated_Code/TSS1.o (TSS_Init)
C:/Freescale/CW MCU v10.5/MCU/ARM_GCC_Support/ewl/lib/armv6-m\libc.a(exit.o)
                              ./Project_Settings/Startup_Code/__arm_start.o (exit)
C:/Freescale/CW MCU v10.5/MCU/ARM_GCC_Support/ewl/lib/armv6-m\libc.a(memset.o)
                              ./Project_Settings/Startup_Code/__arm_start.o (memset)
C:/Freescale/CW MCU v10.5/MCU/ARM_GCC_Support/ewl/lib/armv6-m\libc.a(printformat_.o)
                              (__pformatter_)
C:/Freescale/CW MCU v10.5/MCU/ARM_GCC_Support/ewl/lib/armv6-m\libc.a(scanformat_.o)
                              (__sformatter)
C:/Freescale/CW MCU v10.5/MCU/ARM_GCC_Support/ewl/lib/armv6-m\libc.a(ctype_aeabi.o)
                              C:/Freescale/CW MCU v10.5/MCU/ARM_GCC_Support/ewl/lib/armv6-m\libc.a(scanformat_.o) (isspace)
C:/Freescale/CW MCU v10.5/MCU/ARM_GCC_Support/ewl/lib/armv6-m\libc.a(__strtoul.o)
                              C:/Freescale/CW MCU v10.5/MCU/ARM_GCC_Support/ewl/lib/armv6-m\libc.a(scanformat_.o) (__strtoul)
C:/Freescale/CW MCU v10.5/MCU/ARM_GCC_Support/ewl/lib/armv6-m\libc.a(__filll_mem.o)
                              C:/Freescale/CW MCU v10.5/MCU/ARM_GCC_Support/ewl/lib/armv6-m\libc.a(memset.o) (__fill_mem)
C:/Freescale/CW MCU v10.5/MCU/ARM_GCC_Support/ewl/lib/armv6-m\libc.a(memchr.o)
                              C:/Freescale/CW MCU v10.5/MCU/ARM_GCC_Support/ewl/lib/armv6-m\libc.a(printformat_.o) (memchr)
C:/Freescale/CW MCU v10.5/MCU/ARM_GCC_Support/ewl/lib/armv6-m\libc.a(memcpy.o)
                              C:/Freescale/CW MCU v10.5/MCU/ARM_GCC_Support/ewl/lib/armv6-m\libc.a(scanformat_.o) (memcpy)
C:/Freescale/CW MCU v10.5/MCU/ARM_GCC_Support/ewl/lib/armv6-m\libc.a(strchr.o)
                              C:/Freescale/CW MCU v10.5/MCU/ARM_GCC_Support/ewl/lib/armv6-m\libc.a(printformat_.o) (strchr)
C:/Freescale/CW MCU v10.5/MCU/ARM_GCC_Support/ewl/lib/armv6-m\libc.a(strlen.o)
                              C:/Freescale/CW MCU v10.5/MCU/ARM_GCC_Support/ewl/lib/armv6-m\libc.a(printformat_.o) (strlen)
c:/freescale/cw mcu v10.5/cross_tools/arm-none-eabi-gcc-4_7_3/bin/../lib/gcc/arm-none-eabi/4.7.3/armv6-m\libgcc.a(_thumb1_case_sqi.o)
                              C:/Freescale/CW MCU v10.5/MCU/ARM_GCC_Support/ewl/lib/armv6-m\libc.a(__strtoul.o) (__gnu_thumb1_case_sqi)
c:/freescale/cw mcu v10.5/cross_tools/arm-none-eabi-gcc-4_7_3/bin/../lib/gcc/arm-none-eabi/4.7.3/armv6-m\libgcc.a(_thumb1_case_uqi.o)
                              C:/Freescale/CW MCU v10.5/MCU/ARM_GCC_Support/ewl/lib/armv6-m\libc.a(scanformat_.o) (__gnu_thumb1_case_uqi)
c:/freescale/cw mcu v10.5/cross_tools/arm-none-eabi-gcc-4_7_3/bin/../lib/gcc/arm-none-eabi/4.7.3/armv6-m\libgcc.a(_udivsi3.o)
                              C:/Users/Alex/Desktop/Embedded/CodeWarrior/Tchpd/Sources/TSS\libTSS_KXX_M0.a(TSS_ASliderDecoder.o) (__aeabi_uidiv)
c:/freescale/cw mcu v10.5/cross_tools/arm-none-eabi-gcc-4_7_3/bin/../lib/gcc/arm-none-eabi/4.7.3/armv6-m\libgcc.a(_divsi3.o)
                              C:/Users/Alex/Desktop/Embedded/CodeWarrior/Tchpd/Sources/TSS\libTSS_KXX_M0.a(TSS_ASliderDecoder.o) (__aeabi_idiv)
c:/freescale/cw mcu v10.5/cross_tools/arm-none-eabi-gcc-4_7_3/bin/../lib/gcc/arm-none-eabi/4.7.3/armv6-m\libgcc.a(_dvmd_tls.o)
                              c:/freescale/cw mcu v10.5/cross_tools/arm-none-eabi-gcc-4_7_3/bin/../lib/gcc/arm-none-eabi/4.7.3/armv6-m\libgcc.a(_udivsi3.o) (__aeabi_idiv0)
C:/Freescale/CW MCU v10.5/MCU/ARM_GCC_Support/ewl/lib/armv6-m\librt.a(gcc_ctor_dtor.o)
                              ./Project_Settings/Startup_Code/__arm_start.o (__init_cpp)
C:/Freescale/CW MCU v10.5/MCU/ARM_GCC_Support/ewl/lib/armv6-m\librt.a(ROMCopy.o)
                              ./Project_Settings/Startup_Code/__arm_start.o (__copy_rom_sections_to_ram)
C:/Freescale/CW MCU v10.5/MCU/ARM_GCC_Support/ewl/lib/armv6-m\librt.a(__arm_eabi_init.o)
                              C:/Freescale/CW MCU v10.5/MCU/ARM_GCC_Support/ewl/lib/armv6-m\libc.a(exit.o) (__destroy_global_chain)

Allocating common symbols
Common symbol       size              file

tss_au8StuckCount   0x2               ./Sources/TSS/TSS_SystemSetupData.o
tss_u8ConfCheckSum  0x1               ./Sources/TSS/TSS_SystemSetupData.o
tss_au8Sensitivity  0x2               ./Sources/TSS/TSS_SystemSetupData.o
tss_ai8DeltaAmplitude
                    0x2               ./Sources/TSS/TSS_SystemSetupData.o
tss_CSSys           0xe               ./Sources/TSS/TSS_SystemSetupData.o
tss_cau8SignalMultiplier
                    0x1               ./Sources/TSS/TSS_SystemSetupData.o
tss_ai8MaxDeltaAmplitude
                    0x2               ./Sources/TSS/TSS_SystemSetupData.o
tss_u8SampleIntFlag
                    0x1               ./Sources/TSS/TSS_Sensor.o
tss_asDeltaNoiseAnalysisBufferData
                    0x2               ./Sources/TSS/TSS_SystemSetupData.o
tss_cau8SignalDivider
                    0x1               ./Sources/TSS/TSS_SystemSetupData.o
tss_ai8InstantDelta
                    0x2               ./Sources/TSS/TSS_SystemSetupData.o
tss_au8ControlIdleState
                    0x1               ./Sources/TSS/TSS_SystemSetupData.o
TSS_C0_DELAY_BUFFER
                    0x1               ./Sources/TSS/TSS_SystemSetupData.o
tss_au16PrevCapSample
                    0x4               ./Sources/TSS/TSS_SystemSetupData.o
TSS_C0_TREND_BUFFER
                    0x20              ./Sources/TSS/TSS_SystemSetupData.o
tss_ai8DeltaNoiseAnalysisBuffer
                    0x1               ./Sources/TSS/TSS_SystemSetupData.o
tss_au8ControlScheduleCount
                    0x1               ./Sources/TSS/TSS_SystemSetupData.o
tss_psElectrodeTimertAdr
                    0x4               ./Sources/TSS/TSS_Sensor.o
tss_u8ElectrodeBitNum
                    0x1               ./Sources/TSS/TSS_Sensor.o
TSS_C0_TREND_CONTEXT
                    0x3               ./Sources/TSS/TSS_SystemSetupData.o
tss_au8TouchCount   0x2               ./Sources/TSS/TSS_SystemSetupData.o
tss_au8ElectrodeMeasured
                    0x1               ./Sources/TSS/TSS_SystemSetupData.o
tss_au16InstantSignal
                    0x4               ./Sources/TSS/TSS_SystemSetupData.o
tss_ai8CalPrevDelta
                    0x2               ./Sources/TSS/TSS_SystemSetupData.o
tss_au8DebounceCount
                    0x2               ./Sources/TSS/TSS_SystemSetupData.o
tss_au8ElectrodeStatus
                    0x1               ./Sources/TSS/TSS_SystemSetupData.o
tss_au8ControlIdleCounter
                    0x1               ./Sources/TSS/TSS_SystemSetupData.o
tss_psElectrodeRGPIOAdr
                    0x4               ./Sources/TSS/TSS_Sensor.o
tss_u16CapSample    0x2               C:/Users/Alex/Desktop/Embedded/CodeWarrior/Tchpd/Sources/TSS\libTSS_KXX_M0.a(TSS_KeyDetector.o)
tss_ai8NoiseAmplitude
                    0x2               ./Sources/TSS/TSS_SystemSetupData.o
tss_asDeltaNoiseAnalysisIIRData
                    0xc               ./Sources/TSS/TSS_SystemSetupData.o
SR_reg              0x1               ./Generated_Code/Cpu.o
TSS_TSIL0_CHANNEL_COUNTER_BUFFER
                    0x20              ./Sources/TSS/TSS_SensorTSIL.o
tss_asAutoCalibrationData
                    0x6               ./Sources/TSS/TSS_SystemSetupData.o
tss_au8ElecState    0x2               ./Sources/TSS/TSS_SystemSetupData.o
TSS_C0_DELAY_CONTEXT
                    0x1               ./Sources/TSS/TSS_SystemSetupData.o
tss_au8ElectrodeEnablers
                    0x1               ./Sources/TSS/TSS_SystemSetupData.o
TSS_C0_POSFILTER_CONTEXT
                    0x2               ./Sources/TSS/TSS_SystemSetupData.o
tss_au16ElecBaseline
                    0x4               ./Sources/TSS/TSS_SystemSetupData.o
tss_au16ControlBuffers
                    0x4               ./Sources/TSS/TSS_SystemSetupData.o
tss_cau8ShieldPairs
                    0x1               ./Sources/TSS/TSS_SystemSetupData.o
tss_apsControlPrivateData
                    0x4               ./Sources/TSS/TSS_SystemSetupData.o
tss_au8ReleaseCount
                    0x2               ./Sources/TSS/TSS_SystemSetupData.o

Discarded input sections

 .text          0x00000000        0x0 ./Generated_Code/Vectors.o
 .data          0x00000000        0x0 ./Generated_Code/Vectors.o
 .bss           0x00000000        0x0 ./Generated_Code/Vectors.o
 .text          0x00000000        0x0 ./Generated_Code/TU1.o
 .data          0x00000000        0x0 ./Generated_Code/TU1.o
 .bss           0x00000000        0x0 ./Generated_Code/TU1.o
 .text          0x00000000        0x0 ./Generated_Code/TSS1.o
 .data          0x00000000        0x0 ./Generated_Code/TSS1.o
 .bss           0x00000000        0x0 ./Generated_Code/TSS1.o
 .text          0x00000000        0x0 ./Generated_Code/PE_LDD.o
 .data          0x00000000        0x0 ./Generated_Code/PE_LDD.o
 .bss           0x00000000        0x0 ./Generated_Code/PE_LDD.o
 .rodata.PE_CpuClockConfigurations
                0x00000000       0x28 ./Generated_Code/PE_LDD.o
 .text.PE_FillMemory
                0x00000000       0x28 ./Generated_Code/PE_LDD.o
 .text.PE_PeripheralUsed
                0x00000000       0x38 ./Generated_Code/PE_LDD.o
 .text.LDD_SetClockConfiguration
                0x00000000       0x14 ./Generated_Code/PE_LDD.o
 .text          0x00000000        0x0 ./Generated_Code/Cpu.o
 .data          0x00000000        0x0 ./Generated_Code/Cpu.o
 .bss           0x00000000        0x0 ./Generated_Code/Cpu.o
 .bss.SR_lock   0x00000000        0x1 ./Generated_Code/Cpu.o
 COMMON         0x00000000        0x1 ./Generated_Code/Cpu.o
 .text          0x00000000        0x0 ./Project_Settings/Startup_Code/__arm_start.o
 .data          0x00000000        0x0 ./Project_Settings/Startup_Code/__arm_start.o
 .bss           0x00000000        0x0 ./Project_Settings/Startup_Code/__arm_start.o
 .text.__iar_program_start
                0x00000000        0x4 ./Project_Settings/Startup_Code/__arm_start.o
 .text          0x00000000        0x0 ./Project_Settings/Startup_Code/__arm_end.o
 .data          0x00000000        0x0 ./Project_Settings/Startup_Code/__arm_end.o
 .bss           0x00000000        0x0 ./Project_Settings/Startup_Code/__arm_end.o
 .text          0x00000000        0x0 ./Sources/TSS/TSS_SystemSetupData.o
 .data          0x00000000        0x0 ./Sources/TSS/TSS_SystemSetupData.o
 .bss           0x00000000        0x0 ./Sources/TSS/TSS_SystemSetupData.o
 .rodata.tss_cu16Version
                0x00000000        0x2 ./Sources/TSS/TSS_SystemSetupData.o
 .rodata.tss_cu8MatrixPosFilterWeight
                0x00000000        0x1 ./Sources/TSS/TSS_SystemSetupData.o
 .rodata.tss_fMatrixCalculatePosIIRFilter
                0x00000000        0x4 ./Sources/TSS/TSS_SystemSetupData.o
 .text          0x00000000        0x0 ./Sources/TSS/TSS_SensorTSIL.o
 .data          0x00000000        0x0 ./Sources/TSS/TSS_SensorTSIL.o
 .bss           0x00000000        0x0 ./Sources/TSS/TSS_SensorTSIL.o
 .bss.TSS_E0_RAMDATA_CONTEXT
                0x00000000        0x4 ./Sources/TSS/TSS_SensorTSIL.o
 .bss.TSS_E1_RAMDATA_CONTEXT
                0x00000000        0x4 ./Sources/TSS/TSS_SensorTSIL.o
 .text          0x00000000        0x0 ./Sources/TSS/TSS_SensorTSI.o
 .data          0x00000000        0x0 ./Sources/TSS/TSS_SensorTSI.o
 .bss           0x00000000        0x0 ./Sources/TSS/TSS_SensorTSI.o
 .debug_info    0x00000000       0x76 ./Sources/TSS/TSS_SensorTSI.o
 .debug_abbrev  0x00000000       0x28 ./Sources/TSS/TSS_SensorTSI.o
 .debug_aranges
                0x00000000       0x18 ./Sources/TSS/TSS_SensorTSI.o
 .debug_macinfo
                0x00000000    0x3ad65 ./Sources/TSS/TSS_SensorTSI.o
 .debug_line    0x00000000      0x2a9 ./Sources/TSS/TSS_SensorTSI.o
 .debug_str     0x00000000      0x133 ./Sources/TSS/TSS_SensorTSI.o
 .comment       0x00000000       0x7a ./Sources/TSS/TSS_SensorTSI.o
 .ARM.attributes
                0x00000000       0x31 ./Sources/TSS/TSS_SensorTSI.o
 .text          0x00000000        0x0 ./Sources/TSS/TSS_SensorGPIO.o
 .data          0x00000000        0x0 ./Sources/TSS/TSS_SensorGPIO.o
 .bss           0x00000000        0x0 ./Sources/TSS/TSS_SensorGPIO.o
 .debug_info    0x00000000       0x76 ./Sources/TSS/TSS_SensorGPIO.o
 .debug_abbrev  0x00000000       0x28 ./Sources/TSS/TSS_SensorGPIO.o
 .debug_aranges
                0x00000000       0x18 ./Sources/TSS/TSS_SensorGPIO.o
 .debug_macinfo
                0x00000000    0x39e3b ./Sources/TSS/TSS_SensorGPIO.o
 .debug_line    0x00000000      0x2ab ./Sources/TSS/TSS_SensorGPIO.o
 .debug_str     0x00000000      0x134 ./Sources/TSS/TSS_SensorGPIO.o
 .comment       0x00000000       0x7a ./Sources/TSS/TSS_SensorGPIO.o
 .ARM.attributes
                0x00000000       0x31 ./Sources/TSS/TSS_SensorGPIO.o
 .text          0x00000000        0x0 ./Sources/TSS/TSS_Sensor.o
 .data          0x00000000        0x0 ./Sources/TSS/TSS_Sensor.o
 .bss           0x00000000        0x0 ./Sources/TSS/TSS_Sensor.o
 .bss.tss_u8HWTimerFlag
                0x00000000        0x1 ./Sources/TSS/TSS_Sensor.o
 .rodata.tss_faSampleElectrodeLow
                0x00000000        0x8 ./Sources/TSS/TSS_Sensor.o
 .data.tss_acp8ElectrodeRAMData
                0x00000000        0x8 ./Sources/TSS/TSS_Sensor.o
 .text.TSS_SampleElectrodeLowE0
                0x00000000       0x18 ./Sources/TSS/TSS_Sensor.o
 .text.TSS_SampleElectrodeLowE1
                0x00000000       0x18 ./Sources/TSS/TSS_Sensor.o
 .text          0x00000000        0x0 ./Sources/TSS/TSS_Freemaster.o
 .data          0x00000000        0x0 ./Sources/TSS/TSS_Freemaster.o
 .bss           0x00000000        0x0 ./Sources/TSS/TSS_Freemaster.o
 .text.TSS_FmstrIsrCallback
                0x00000000        0x8 ./Sources/TSS/TSS_Freemaster.o
 .debug_info    0x00000000       0x8b ./Sources/TSS/TSS_Freemaster.o
 .debug_abbrev  0x00000000       0x3d ./Sources/TSS/TSS_Freemaster.o
 .debug_loc     0x00000000       0x2c ./Sources/TSS/TSS_Freemaster.o
 .debug_aranges
                0x00000000       0x20 ./Sources/TSS/TSS_Freemaster.o
 .debug_macinfo
                0x00000000    0x38c91 ./Sources/TSS/TSS_Freemaster.o
 .debug_line    0x00000000      0x2a8 ./Sources/TSS/TSS_Freemaster.o
 .debug_str     0x00000000      0x149 ./Sources/TSS/TSS_Freemaster.o
 .comment       0x00000000       0x7a ./Sources/TSS/TSS_Freemaster.o
 .ARM.attributes
                0x00000000       0x31 ./Sources/TSS/TSS_Freemaster.o
 .debug_frame   0x00000000       0x2c ./Sources/TSS/TSS_Freemaster.o
 .text          0x00000000        0x0 ./Sources/sa_mtb.o
 .data          0x00000000        0x0 ./Sources/sa_mtb.o
 .bss           0x00000000        0x0 ./Sources/sa_mtb.o
 .debug_info    0x00000000       0x21 ./Sources/sa_mtb.o
 .debug_abbrev  0x00000000       0x12 ./Sources/sa_mtb.o
 .debug_aranges
                0x00000000       0x18 ./Sources/sa_mtb.o
 .debug_macinfo
                0x00000000     0x24d8 ./Sources/sa_mtb.o
 .debug_line    0x00000000       0xaa ./Sources/sa_mtb.o
 .debug_str     0x00000000       0x9d ./Sources/sa_mtb.o
 .comment       0x00000000       0x7a ./Sources/sa_mtb.o
 .ARM.attributes
                0x00000000       0x31 ./Sources/sa_mtb.o
 .text          0x00000000        0x0 ./Sources/ProcessorExpert.o
 .data          0x00000000        0x0 ./Sources/ProcessorExpert.o
 .bss           0x00000000        0x0 ./Sources/ProcessorExpert.o
 .text          0x00000000        0x0 ./Sources/Events.o
 .data          0x00000000        0x0 ./Sources/Events.o
 .bss           0x00000000        0x0 ./Sources/Events.o
 .data          0x00000000        0x0 C:/Users/Alex/Desktop/Embedded/CodeWarrior/Tchpd/Sources/TSS\libTSS_KXX_M0.a(TSS_ASliderDecoder.o)
 .bss           0x00000000        0x0 C:/Users/Alex/Desktop/Embedded/CodeWarrior/Tchpd/Sources/TSS\libTSS_KXX_M0.a(TSS_ASliderDecoder.o)
 .data          0x00000000        0x0 C:/Users/Alex/Desktop/Embedded/CodeWarrior/Tchpd/Sources/TSS\libTSS_KXX_M0.a(TSS_Filters.o)
 .bss           0x00000000        0x0 C:/Users/Alex/Desktop/Embedded/CodeWarrior/Tchpd/Sources/TSS\libTSS_KXX_M0.a(TSS_Filters.o)
 .data          0x00000000        0x0 C:/Users/Alex/Desktop/Embedded/CodeWarrior/Tchpd/Sources/TSS\libTSS_KXX_M0.a(TSS_Main.o)
 .text          0x00000000        0x0 C:/Freescale/CW MCU v10.5/MCU/ARM_GCC_Support/ewl/lib/armv6-m\libc.a(exit.o)
 .data          0x00000000        0x0 C:/Freescale/CW MCU v10.5/MCU/ARM_GCC_Support/ewl/lib/armv6-m\libc.a(exit.o)
 .bss           0x00000000        0x0 C:/Freescale/CW MCU v10.5/MCU/ARM_GCC_Support/ewl/lib/armv6-m\libc.a(exit.o)
 .text          0x00000000        0x0 C:/Freescale/CW MCU v10.5/MCU/ARM_GCC_Support/ewl/lib/armv6-m\libc.a(memset.o)
 .data          0x00000000        0x0 C:/Freescale/CW MCU v10.5/MCU/ARM_GCC_Support/ewl/lib/armv6-m\libc.a(memset.o)
 .bss           0x00000000        0x0 C:/Freescale/CW MCU v10.5/MCU/ARM_GCC_Support/ewl/lib/armv6-m\libc.a(memset.o)
 .text          0x00000000        0x0 C:/Freescale/CW MCU v10.5/MCU/ARM_GCC_Support/ewl/lib/armv6-m\libc.a(printformat_.o)
 .data          0x00000000        0x0 C:/Freescale/CW MCU v10.5/MCU/ARM_GCC_Support/ewl/lib/armv6-m\libc.a(printformat_.o)
 .bss           0x00000000        0x0 C:/Freescale/CW MCU v10.5/MCU/ARM_GCC_Support/ewl/lib/armv6-m\libc.a(printformat_.o)
 .text          0x00000000        0x0 C:/Freescale/CW MCU v10.5/MCU/ARM_GCC_Support/ewl/lib/armv6-m\libc.a(scanformat_.o)
 .data          0x00000000        0x0 C:/Freescale/CW MCU v10.5/MCU/ARM_GCC_Support/ewl/lib/armv6-m\libc.a(scanformat_.o)
 .bss           0x00000000        0x0 C:/Freescale/CW MCU v10.5/MCU/ARM_GCC_Support/ewl/lib/armv6-m\libc.a(scanformat_.o)
 .text          0x00000000        0x0 C:/Freescale/CW MCU v10.5/MCU/ARM_GCC_Support/ewl/lib/armv6-m\libc.a(ctype_aeabi.o)
 .data          0x00000000        0x0 C:/Freescale/CW MCU v10.5/MCU/ARM_GCC_Support/ewl/lib/armv6-m\libc.a(ctype_aeabi.o)
 .bss           0x00000000        0x0 C:/Freescale/CW MCU v10.5/MCU/ARM_GCC_Support/ewl/lib/armv6-m\libc.a(ctype_aeabi.o)
 .text.isalnum  0x00000000       0x1c C:/Freescale/CW MCU v10.5/MCU/ARM_GCC_Support/ewl/lib/armv6-m\libc.a(ctype_aeabi.o)
 .text.iscntrl  0x00000000       0x20 C:/Freescale/CW MCU v10.5/MCU/ARM_GCC_Support/ewl/lib/armv6-m\libc.a(ctype_aeabi.o)
 .text.isdigit  0x00000000        0xe C:/Freescale/CW MCU v10.5/MCU/ARM_GCC_Support/ewl/lib/armv6-m\libc.a(ctype_aeabi.o)
 .text.isgraph  0x00000000       0x1c C:/Freescale/CW MCU v10.5/MCU/ARM_GCC_Support/ewl/lib/armv6-m\libc.a(ctype_aeabi.o)
 .text.islower  0x00000000       0x20 C:/Freescale/CW MCU v10.5/MCU/ARM_GCC_Support/ewl/lib/armv6-m\libc.a(ctype_aeabi.o)
 .text.isprint  0x00000000       0x1c C:/Freescale/CW MCU v10.5/MCU/ARM_GCC_Support/ewl/lib/armv6-m\libc.a(ctype_aeabi.o)
 .text.ispunct  0x00000000       0x20 C:/Freescale/CW MCU v10.5/MCU/ARM_GCC_Support/ewl/lib/armv6-m\libc.a(ctype_aeabi.o)
 .text.isupper  0x00000000       0x20 C:/Freescale/CW MCU v10.5/MCU/ARM_GCC_Support/ewl/lib/armv6-m\libc.a(ctype_aeabi.o)
 .text.isxdigit
                0x00000000       0x20 C:/Freescale/CW MCU v10.5/MCU/ARM_GCC_Support/ewl/lib/armv6-m\libc.a(ctype_aeabi.o)
 .text.isblank  0x00000000       0x28 C:/Freescale/CW MCU v10.5/MCU/ARM_GCC_Support/ewl/lib/armv6-m\libc.a(ctype_aeabi.o)
 .text.tolower  0x00000000        0xe C:/Freescale/CW MCU v10.5/MCU/ARM_GCC_Support/ewl/lib/armv6-m\libc.a(ctype_aeabi.o)
 .text          0x00000000        0x0 C:/Freescale/CW MCU v10.5/MCU/ARM_GCC_Support/ewl/lib/armv6-m\libc.a(__strtoul.o)
 .data          0x00000000        0x0 C:/Freescale/CW MCU v10.5/MCU/ARM_GCC_Support/ewl/lib/armv6-m\libc.a(__strtoul.o)
 .bss           0x00000000        0x0 C:/Freescale/CW MCU v10.5/MCU/ARM_GCC_Support/ewl/lib/armv6-m\libc.a(__strtoul.o)
 .text          0x00000000        0x0 C:/Freescale/CW MCU v10.5/MCU/ARM_GCC_Support/ewl/lib/armv6-m\libc.a(__filll_mem.o)
 .data          0x00000000        0x0 C:/Freescale/CW MCU v10.5/MCU/ARM_GCC_Support/ewl/lib/armv6-m\libc.a(__filll_mem.o)
 .bss           0x00000000        0x0 C:/Freescale/CW MCU v10.5/MCU/ARM_GCC_Support/ewl/lib/armv6-m\libc.a(__filll_mem.o)
 .text          0x00000000        0x0 C:/Freescale/CW MCU v10.5/MCU/ARM_GCC_Support/ewl/lib/armv6-m\libc.a(memchr.o)
 .data          0x00000000        0x0 C:/Freescale/CW MCU v10.5/MCU/ARM_GCC_Support/ewl/lib/armv6-m\libc.a(memchr.o)
 .bss           0x00000000        0x0 C:/Freescale/CW MCU v10.5/MCU/ARM_GCC_Support/ewl/lib/armv6-m\libc.a(memchr.o)
 .text          0x00000000        0x0 C:/Freescale/CW MCU v10.5/MCU/ARM_GCC_Support/ewl/lib/armv6-m\libc.a(memcpy.o)
 .data          0x00000000        0x0 C:/Freescale/CW MCU v10.5/MCU/ARM_GCC_Support/ewl/lib/armv6-m\libc.a(memcpy.o)
 .bss           0x00000000        0x0 C:/Freescale/CW MCU v10.5/MCU/ARM_GCC_Support/ewl/lib/armv6-m\libc.a(memcpy.o)
 .text          0x00000000        0x0 C:/Freescale/CW MCU v10.5/MCU/ARM_GCC_Support/ewl/lib/armv6-m\libc.a(strchr.o)
 .data          0x00000000        0x0 C:/Freescale/CW MCU v10.5/MCU/ARM_GCC_Support/ewl/lib/armv6-m\libc.a(strchr.o)
 .bss           0x00000000        0x0 C:/Freescale/CW MCU v10.5/MCU/ARM_GCC_Support/ewl/lib/armv6-m\libc.a(strchr.o)
 .text          0x00000000        0x0 C:/Freescale/CW MCU v10.5/MCU/ARM_GCC_Support/ewl/lib/armv6-m\libc.a(strlen.o)
 .data          0x00000000        0x0 C:/Freescale/CW MCU v10.5/MCU/ARM_GCC_Support/ewl/lib/armv6-m\libc.a(strlen.o)
 .bss           0x00000000        0x0 C:/Freescale/CW MCU v10.5/MCU/ARM_GCC_Support/ewl/lib/armv6-m\libc.a(strlen.o)
 .data          0x00000000        0x0 c:/freescale/cw mcu v10.5/cross_tools/arm-none-eabi-gcc-4_7_3/bin/../lib/gcc/arm-none-eabi/4.7.3/armv6-m\libgcc.a(_thumb1_case_sqi.o)
 .bss           0x00000000        0x0 c:/freescale/cw mcu v10.5/cross_tools/arm-none-eabi-gcc-4_7_3/bin/../lib/gcc/arm-none-eabi/4.7.3/armv6-m\libgcc.a(_thumb1_case_sqi.o)
 .data          0x00000000        0x0 c:/freescale/cw mcu v10.5/cross_tools/arm-none-eabi-gcc-4_7_3/bin/../lib/gcc/arm-none-eabi/4.7.3/armv6-m\libgcc.a(_thumb1_case_uqi.o)
 .bss           0x00000000        0x0 c:/freescale/cw mcu v10.5/cross_tools/arm-none-eabi-gcc-4_7_3/bin/../lib/gcc/arm-none-eabi/4.7.3/armv6-m\libgcc.a(_thumb1_case_uqi.o)
 .data          0x00000000        0x0 c:/freescale/cw mcu v10.5/cross_tools/arm-none-eabi-gcc-4_7_3/bin/../lib/gcc/arm-none-eabi/4.7.3/armv6-m\libgcc.a(_udivsi3.o)
 .bss           0x00000000        0x0 c:/freescale/cw mcu v10.5/cross_tools/arm-none-eabi-gcc-4_7_3/bin/../lib/gcc/arm-none-eabi/4.7.3/armv6-m\libgcc.a(_udivsi3.o)
 .data          0x00000000        0x0 c:/freescale/cw mcu v10.5/cross_tools/arm-none-eabi-gcc-4_7_3/bin/../lib/gcc/arm-none-eabi/4.7.3/armv6-m\libgcc.a(_divsi3.o)
 .bss           0x00000000        0x0 c:/freescale/cw mcu v10.5/cross_tools/arm-none-eabi-gcc-4_7_3/bin/../lib/gcc/arm-none-eabi/4.7.3/armv6-m\libgcc.a(_divsi3.o)
 .data          0x00000000        0x0 c:/freescale/cw mcu v10.5/cross_tools/arm-none-eabi-gcc-4_7_3/bin/../lib/gcc/arm-none-eabi/4.7.3/armv6-m\libgcc.a(_dvmd_tls.o)
 .bss           0x00000000        0x0 c:/freescale/cw mcu v10.5/cross_tools/arm-none-eabi-gcc-4_7_3/bin/../lib/gcc/arm-none-eabi/4.7.3/armv6-m\libgcc.a(_dvmd_tls.o)
 .text          0x00000000        0x0 C:/Freescale/CW MCU v10.5/MCU/ARM_GCC_Support/ewl/lib/armv6-m\librt.a(gcc_ctor_dtor.o)
 .data          0x00000000        0x0 C:/Freescale/CW MCU v10.5/MCU/ARM_GCC_Support/ewl/lib/armv6-m\librt.a(gcc_ctor_dtor.o)
 .bss           0x00000000        0x0 C:/Freescale/CW MCU v10.5/MCU/ARM_GCC_Support/ewl/lib/armv6-m\librt.a(gcc_ctor_dtor.o)
 .bss.__dso_handle
                0x00000000        0x4 C:/Freescale/CW MCU v10.5/MCU/ARM_GCC_Support/ewl/lib/armv6-m\librt.a(gcc_ctor_dtor.o)
 .text          0x00000000        0x0 C:/Freescale/CW MCU v10.5/MCU/ARM_GCC_Support/ewl/lib/armv6-m\librt.a(ROMCopy.o)
 .data          0x00000000        0x0 C:/Freescale/CW MCU v10.5/MCU/ARM_GCC_Support/ewl/lib/armv6-m\librt.a(ROMCopy.o)
 .bss           0x00000000        0x0 C:/Freescale/CW MCU v10.5/MCU/ARM_GCC_Support/ewl/lib/armv6-m\librt.a(ROMCopy.o)
 .text.__flush_cache
                0x00000000        0x2 C:/Freescale/CW MCU v10.5/MCU/ARM_GCC_Support/ewl/lib/armv6-m\librt.a(ROMCopy.o)
 .text          0x00000000        0x0 C:/Freescale/CW MCU v10.5/MCU/ARM_GCC_Support/ewl/lib/armv6-m\librt.a(__arm_eabi_init.o)
 .data          0x00000000        0x0 C:/Freescale/CW MCU v10.5/MCU/ARM_GCC_Support/ewl/lib/armv6-m\librt.a(__arm_eabi_init.o)
 .bss           0x00000000        0x0 C:/Freescale/CW MCU v10.5/MCU/ARM_GCC_Support/ewl/lib/armv6-m\librt.a(__arm_eabi_init.o)
 .text.__register_global_object
                0x00000000       0x14 C:/Freescale/CW MCU v10.5/MCU/ARM_GCC_Support/ewl/lib/armv6-m\librt.a(__arm_eabi_init.o)
 .text.__cxa_atexit
                0x00000000       0x38 C:/Freescale/CW MCU v10.5/MCU/ARM_GCC_Support/ewl/lib/armv6-m\librt.a(__arm_eabi_init.o)
 .text.__aeabi_atexit
                0x00000000        0xe C:/Freescale/CW MCU v10.5/MCU/ARM_GCC_Support/ewl/lib/armv6-m\librt.a(__arm_eabi_init.o)
 .text.__register_atexit
                0x00000000        0xc C:/Freescale/CW MCU v10.5/MCU/ARM_GCC_Support/ewl/lib/armv6-m\librt.a(__arm_eabi_init.o)
 .text.__init_hardware
                0x00000000        0x4 C:/Freescale/CW MCU v10.5/MCU/ARM_GCC_Support/ewl/lib/armv6-m\librt.a(__arm_eabi_init.o)
 .bss.atexit_curr_func
                0x00000000        0x4 C:/Freescale/CW MCU v10.5/MCU/ARM_GCC_Support/ewl/lib/armv6-m\librt.a(__arm_eabi_init.o)
 .bss.atexit_funcs
                0x00000000      0x300 C:/Freescale/CW MCU v10.5/MCU/ARM_GCC_Support/ewl/lib/armv6-m\librt.a(__arm_eabi_init.o)

Memory Configuration

Name             Origin             Length             Attributes
m_interrupts     0x00000000         0x000000c0         xr
m_text           0x00000410         0x0001fbf0         xr
m_data           0x1ffff000         0x00004000         rw
m_cfmprotrom     0x00000400         0x00000010         xr
*default*        0x00000000         0xffffffff

Linker script and memory map

LOAD ./Generated_Code/Vectors.o
LOAD ./Generated_Code/TU1.o
LOAD ./Generated_Code/TSS1.o
LOAD ./Generated_Code/PE_LDD.o
LOAD ./Generated_Code/Cpu.o
LOAD ./Project_Settings/Startup_Code/__arm_start.o
LOAD ./Project_Settings/Startup_Code/__arm_end.o
LOAD ./Sources/TSS/TSS_SystemSetupData.o
LOAD ./Sources/TSS/TSS_SensorTSIL.o
LOAD ./Sources/TSS/TSS_SensorTSI.o
LOAD ./Sources/TSS/TSS_SensorGPIO.o
LOAD ./Sources/TSS/TSS_Sensor.o
LOAD ./Sources/TSS/TSS_Freemaster.o
LOAD ./Sources/sa_mtb.o
LOAD ./Sources/ProcessorExpert.o
LOAD ./Sources/Events.o
                0x000047e0                __pformatter = __pformatter_
                [0x00004c08]                __sformatter = __sformatter
LOAD C:/Users/Alex/Desktop/Embedded/CodeWarrior/Tchpd/Sources/TSS\libTSS_KXX_M0.a
START GROUP
LOAD C:/Freescale/CW MCU v10.5/MCU/ARM_GCC_Support/ewl/lib/armv6-m\libc.a
LOAD C:/Freescale/CW MCU v10.5/MCU/ARM_GCC_Support/ewl/lib/armv6-m\libm.a
LOAD c:/freescale/cw mcu v10.5/cross_tools/arm-none-eabi-gcc-4_7_3/bin/../lib/gcc/arm-none-eabi/4.7.3/armv6-m\libgcc.a
LOAD C:/Freescale/CW MCU v10.5/MCU/ARM_GCC_Support/ewl/lib/armv6-m\librt.a
LOAD C:/Freescale/CW MCU v10.5/MCU/ARM_GCC_Support/ewl/lib/armv6-m\libuart.a
END GROUP
                0x20003000                _estack = 0x20003000
                0x20003000                __SP_INIT = _estack
                0x00000000                __heap_size = 0x0
                0x00000400                __stack_size = 0x400

.interrupts     0x00000000       0xc0
                0x00000000                __vector_table = .
                0x00000000                . = ALIGN (0x4)
 *(.vectortable)
 .vectortable   0x00000000       0xc0 ./Generated_Code/Vectors.o
                0x00000000                __vect_table
                0x000000c0                . = ALIGN (0x4)

.cfmprotect     0x00000400       0x10
                0x00000400                . = ALIGN (0x4)
 *(.cfmconfig)
 .cfmconfig     0x00000400       0x10 ./Generated_Code/Cpu.o
                0x00000400                _cfm
                0x00000410                . = ALIGN (0x4)

.text           0x00000410     0x54c4
                0x00000410                . = ALIGN (0x4)
 *(.text)
 .text          0x00000410      0x7c0 C:/Users/Alex/Desktop/Embedded/CodeWarrior/Tchpd/Sources/TSS\libTSS_KXX_M0.a(TSS_ASliderDecoder.o)
                0x00000410                TSS_ASliderDecoder
                0x000008e8                TSS_ASliderCalculatePosIIRFilter
                0x00000940                TSS_ASliderDelayControl
                0x000009b8                TSS_ASliderTrendThreshold
                0x000009e4                TSS_ASliderTrendControl
                0x00000ac0                TSS_SetASliderConfig
                0x00000bb8                TSS_GetASliderConfig
 .text          0x00000bd0      0x5f4 C:/Users/Alex/Desktop/Embedded/CodeWarrior/Tchpd/Sources/TSS\libTSS_KXX_M0.a(TSS_Filters.o)
                0x00000c80                TSS_u16NoiseAmplitudeFilter
                0x00000cb2                TSS_i8NoiseAmplitudeFilter
                0x00000ce6                TSS_ShieldEquation
                0x00000d4c                TSS_KeyDetectorInitPrevCapSample
                0x00000d60                TSS_KeyDetectorCalculateIIRFilter
                0x00000d74                TSS_KeyDetectorCalculateShielding
                0x00000d88                TSS_KeyDetectorSignalDivider
                0x00000da4                TSS_KeyDetectorSignalMultiplier
                0x00000dd4                TSS_AutoCalibration
                0x00000fe0                TSS_DeltaNoiseAnalysisBufferControl
                0x00001148                TSS_DeltaNoiseAnalysisIIRControl
 .text          0x000011c4      0xcd8 C:/Users/Alex/Desktop/Embedded/CodeWarrior/Tchpd/Sources/TSS\libTSS_KXX_M0.a(TSS_KeyDetector.o)
                0x00001242                TSS_KeyDetectorResetElectrodeDebouncing
                0x00001260                TSS_KeyDetectorResetElectrode
                0x00001280                TSS_KeyDetectorRestartElectrode
                0x00001370                TSS_KeyDetectorRecalibrationRequest
                0x00001382                TSS_KeyDetectorRecalibrateModules
                0x000013d4                TSS_KeyDetectorGetGroupCounter
                0x00001400                TSS_KeyDetectorDecoderDataInit
                0x00001474                TSS_KeyDetectorInit
                0x00001498                TSS_KeyDetectorResetElectrodeMeasured
                0x000014c4                TSS_KeyDetectorFillDeltaLogBuffer
                0x000014dc                TSS_KeyDetectorFillSignalLogBuffer
                0x000014f0                TSS_KeyDetectorStuckKeyControl
                0x0000153c                TSS_KeyDetectorResetStuckKeyCounter
                0x00001548                TSS_KeyDetectorDetect
                0x00001728                TSS_KeyDetectorDetectDecoder
                0x0000178c                TSS_KeyDetectorNegativeBaselineDrop
                0x0000181c                TSS_KeyDetectorCalibrate
                0x00001850                TSS_KeyDetectorCalculateDelta
                0x00001b1c                TSS_KeyDetectorMainSequenced
                0x00001cbc                TSS_KeyDetectorMain
                0x00001e6c                TSS_KeyDetectorSetControlIdle
 .text          0x00001e9c      0x9ac C:/Users/Alex/Desktop/Embedded/CodeWarrior/Tchpd/Sources/TSS\libTSS_KXX_M0.a(TSS_Main.o)
                0x00001e9c                TSS_InitRegisterArrays
                0x00001eec                TSS_InitInternalArrays
                0x00001fa0                TSS_Init
                0x00002020                TSS_DataCorruptionCheck
                0x000020c4                TSS_ExecuteDecoders
                0x00002150                TSS_FaultEvaluation
                0x000021b0                TSS_TriggerControl
                0x00002204                TSS_Task
                0x00002298                TSS_TaskSeq
                0x0000232c                TSS_SetControlPrivateData
                0x00002338                TSS_GetControlPrivateData
                0x00002344                TSS_GetControlStruct
                0x00002350                TSS_GetControlElectrodeNumber
                0x00002370                TSS_GetControlFirstElectrodeIndex
                0x00002384                TSS_GetControlLastElectrodeIndex
                0x00002394                TSS_TriggerConfig
                0x00002418                TSS_LowPowerConfig
                0x000024dc                TSS_ProximityConfig
                0x00002534                TSS_SetSystemConfig
                0x00002774                TSS_GetSystemConfig
 .text          0x00002848       0x14 c:/freescale/cw mcu v10.5/cross_tools/arm-none-eabi-gcc-4_7_3/bin/../lib/gcc/arm-none-eabi/4.7.3/armv6-m\libgcc.a(_thumb1_case_sqi.o)
                0x00002848                __gnu_thumb1_case_sqi
 .text          0x0000285c       0x14 c:/freescale/cw mcu v10.5/cross_tools/arm-none-eabi-gcc-4_7_3/bin/../lib/gcc/arm-none-eabi/4.7.3/armv6-m\libgcc.a(_thumb1_case_uqi.o)
                0x0000285c                __gnu_thumb1_case_uqi
 .text          0x00002870       0x9c c:/freescale/cw mcu v10.5/cross_tools/arm-none-eabi-gcc-4_7_3/bin/../lib/gcc/arm-none-eabi/4.7.3/armv6-m\libgcc.a(_udivsi3.o)
                0x00002870                __aeabi_uidiv
                0x00002870                __udivsi3
                0x000028f8                __aeabi_uidivmod
 .text          0x0000290c       0xc0 c:/freescale/cw mcu v10.5/cross_tools/arm-none-eabi-gcc-4_7_3/bin/../lib/gcc/arm-none-eabi/4.7.3/armv6-m\libgcc.a(_divsi3.o)
                0x0000290c                __divsi3
                0x0000290c                __aeabi_idiv
                0x000029b8                __aeabi_idivmod
 .text          0x000029cc        0x4 c:/freescale/cw mcu v10.5/cross_tools/arm-none-eabi-gcc-4_7_3/bin/../lib/gcc/arm-none-eabi/4.7.3/armv6-m\libgcc.a(_dvmd_tls.o)
                0x000029cc                __aeabi_idiv0
                0x000029cc                __aeabi_ldiv0
 *(.text*)
 .text.TU1_Init
                0x000029d0       0x98 ./Generated_Code/TU1.o
                0x000029d0                TU1_Init
 .text.TU1_SetOffsetTicks
                0x00002a68       0x70 ./Generated_Code/TU1.o
                0x00002a68                TU1_SetOffsetTicks
 .text.TSS1_InitDevices
                0x00002ad8       0x44 ./Generated_Code/TSS1.o
                0x00002ad8                TSS1_InitDevices
 .text.TSS1_Configure
                0x00002b1c      0x158 ./Generated_Code/TSS1.o
                0x00002b1c                TSS1_Configure
 .text.Cpu_INT_NMIInterrupt
                0x00002c74        0xc ./Generated_Code/Cpu.o
                0x00002c74                Cpu_INT_NMIInterrupt
 .text.Cpu_Interrupt
                0x00002c80        0xc ./Generated_Code/Cpu.o
                0x00002c80                Cpu_Interrupt
 .text.__init_hardware
                0x00002c8c      0x174 ./Generated_Code/Cpu.o
                0x00002c8c                __init_hardware
 .text.PE_low_level_init
                0x00002e00       0xe4 ./Generated_Code/Cpu.o
                0x00002e00                PE_low_level_init
 .text.zero_fill_bss
                0x00002ee4       0x24 ./Project_Settings/Startup_Code/__arm_start.o
 .text.__thumb_startup
                0x00002f08       0x30 ./Project_Settings/Startup_Code/__arm_start.o
                0x00002f08                __thumb_startup
 .text._ExitProcess
                0x00002f38        0xc ./Project_Settings/Startup_Code/__arm_end.o
                0x00002f38                _ExitProcess
 .text.TSS_IIRFilterEquation
                0x00002f44       0x3c ./Sources/TSS/TSS_SystemSetupData.o
                0x00002f44                TSS_IIRFilterEquation
 .text.TSIL_InitModule
                0x00002f80       0x38 ./Sources/TSS/TSS_SensorTSIL.o
                0x00002f80                TSIL_InitModule
 .text.TSIL_SetNSamples
                0x00002fb8       0x68 ./Sources/TSS/TSS_SensorTSIL.o
                0x00002fb8                TSIL_SetNSamples
 .text.TSIL_InitLowPower
                0x00003020       0x8c ./Sources/TSS/TSS_SensorTSIL.o
                0x00003020                TSIL_InitLowPower
 .text.TSIL_InitPEN
                0x000030ac      0x238 ./Sources/TSS/TSS_SensorTSIL.o
                0x000030ac                TSIL_InitPEN
 .text.TSIL_Recalibrate
                0x000032e4      0x5c4 ./Sources/TSS/TSS_SensorTSIL.o
                0x000032e4                TSIL_Recalibrate
 .text.TSIL_InitThresholds
                0x000038a8      0x118 ./Sources/TSS/TSS_SensorTSIL.o
                0x000038a8                TSIL_InitThresholds
 .text.TSIL_InitTrigger
                0x000039c0      0x1b8 ./Sources/TSS/TSS_SensorTSIL.o
                0x000039c0                TSIL_InitTrigger
 .text.TSIL_MethodControl
                0x00003b78      0x364 ./Sources/TSS/TSS_SensorTSIL.o
                0x00003b78                TSIL_MethodControl
 .text.TSIL_ReadCounter
                0x00003edc       0xd8 ./Sources/TSS/TSS_SensorTSIL.o
                0x00003edc                TSIL_ReadCounter
 .text.TSIL_HandleMeasurement
                0x00003fb4       0xfc ./Sources/TSS/TSS_SensorTSIL.o
                0x00003fb4                TSIL_HandleMeasurement
 .text.TSIL_SampleElectrode
                0x000040b0      0x1d8 ./Sources/TSS/TSS_SensorTSIL.o
                0x000040b0                TSIL_SampleElectrode
 .text.TSS_TSI0Isr
                0x00004288      0x1a4 ./Sources/TSS/TSS_SensorTSIL.o
                0x00004288                TSS_TSI0Isr
 .text.TSS_SensorInit
                0x0000442c      0x13c ./Sources/TSS/TSS_Sensor.o
                0x0000442c                TSS_SensorInit
 .text.main     0x00004568       0x18 ./Sources/ProcessorExpert.o
                0x00004568                main
 .text.Cpu_OnNMIINT
                0x00004580        0x8 ./Sources/Events.o
                0x00004580                Cpu_OnNMIINT
 .text.TSS1_fOnFault
                0x00004588       0x3c ./Sources/Events.o
                0x00004588                TSS1_fOnFault
 .text.TSS1_fOnInit
                0x000045c4        0xc ./Sources/Events.o
                0x000045c4                TSS1_fOnInit
 .text.TSS1_fCallBack0
                0x000045d0       0x30 ./Sources/Events.o
                0x000045d0                TSS1_fCallBack0
 .text.exit     0x00004600       0x38 C:/Freescale/CW MCU v10.5/MCU/ARM_GCC_Support/ewl/lib/armv6-m\libc.a(exit.o)
                0x00004600                exit
 .text.memset   0x00004638        0xc C:/Freescale/CW MCU v10.5/MCU/ARM_GCC_Support/ewl/lib/armv6-m\libc.a(memset.o)
                0x00004638                memset
 .text.long2str.isra.0
                0x00004644      0x19c C:/Freescale/CW MCU v10.5/MCU/ARM_GCC_Support/ewl/lib/armv6-m\libc.a(printformat_.o)
 .text.__pformatter_
                0x000047e0      0x428 C:/Freescale/CW MCU v10.5/MCU/ARM_GCC_Support/ewl/lib/armv6-m\libc.a(printformat_.o)
                0x000047e0                __pformatter_
 .text.__sformatter
                0x00004c08      0x698 C:/Freescale/CW MCU v10.5/MCU/ARM_GCC_Support/ewl/lib/armv6-m\libc.a(scanformat_.o)
                0x00004c08                __sformatter
 .text.isalpha  0x000052a0       0x20 C:/Freescale/CW MCU v10.5/MCU/ARM_GCC_Support/ewl/lib/armv6-m\libc.a(ctype_aeabi.o)
                0x000052a0                isalpha
 .text.isspace  0x000052c0       0x20 C:/Freescale/CW MCU v10.5/MCU/ARM_GCC_Support/ewl/lib/armv6-m\libc.a(ctype_aeabi.o)
                0x000052c0                isspace
 .text.toupper  0x000052e0        0xe C:/Freescale/CW MCU v10.5/MCU/ARM_GCC_Support/ewl/lib/armv6-m\libc.a(ctype_aeabi.o)
                0x000052e0                toupper
 .text.__strtoul
                0x000052ee      0x1ce C:/Freescale/CW MCU v10.5/MCU/ARM_GCC_Support/ewl/lib/armv6-m\libc.a(__strtoul.o)
                0x000052ee                __strtoul
 .text.__fill_mem
                0x000054bc       0x7e C:/Freescale/CW MCU v10.5/MCU/ARM_GCC_Support/ewl/lib/armv6-m\libc.a(__filll_mem.o)
                0x000054bc                __fill_mem
 .text.memchr   0x0000553a       0x1a C:/Freescale/CW MCU v10.5/MCU/ARM_GCC_Support/ewl/lib/armv6-m\libc.a(memchr.o)
                0x0000553a                memchr
 .text.memcpy   0x00005554       0x12 C:/Freescale/CW MCU v10.5/MCU/ARM_GCC_Support/ewl/lib/armv6-m\libc.a(memcpy.o)
                0x00005554                memcpy
 .text.strchr   0x00005566       0x1e C:/Freescale/CW MCU v10.5/MCU/ARM_GCC_Support/ewl/lib/armv6-m\libc.a(strchr.o)
                0x00005566                strchr
 .text.strlen   0x00005584       0x10 C:/Freescale/CW MCU v10.5/MCU/ARM_GCC_Support/ewl/lib/armv6-m\libc.a(strlen.o)
                0x00005584                strlen
 .text.__init_cpp
                0x00005594       0x48 C:/Freescale/CW MCU v10.5/MCU/ARM_GCC_Support/ewl/lib/armv6-m\librt.a(gcc_ctor_dtor.o)
                0x00005594                __init_cpp
 .text.__fini_cpp
                0x000055dc       0x34 C:/Freescale/CW MCU v10.5/MCU/ARM_GCC_Support/ewl/lib/armv6-m\librt.a(gcc_ctor_dtor.o)
                0x000055dc                __fini_cpp
 .text.__copy_rom_section
                0x00005610       0x48 C:/Freescale/CW MCU v10.5/MCU/ARM_GCC_Support/ewl/lib/armv6-m\librt.a(ROMCopy.o)
                0x00005610                __copy_rom_section
 .text.__copy_rom_sections_to_ram
                0x00005658       0x34 C:/Freescale/CW MCU v10.5/MCU/ARM_GCC_Support/ewl/lib/armv6-m\librt.a(ROMCopy.o)
                0x00005658                __copy_rom_sections_to_ram
 .text.__destroy_global_chain
                0x0000568c       0x1c C:/Freescale/CW MCU v10.5/MCU/ARM_GCC_Support/ewl/lib/armv6-m\librt.a(__arm_eabi_init.o)
                0x0000568c                __destroy_global_chain
 .text.__init_registers
                0x000056a8       0x1c C:/Freescale/CW MCU v10.5/MCU/ARM_GCC_Support/ewl/lib/armv6-m\librt.a(__arm_eabi_init.o)
                0x000056a8                __init_registers
 .text.__init_user
                0x000056c4        0x4 C:/Freescale/CW MCU v10.5/MCU/ARM_GCC_Support/ewl/lib/armv6-m\librt.a(__arm_eabi_init.o)
                0x000056c4                __init_user
 *(.rodata)
 *(.rodata*)
 .rodata.ChannelDevice
                0x000056c8        0x4 ./Generated_Code/TU1.o
 .rodata.ChannelMode
                0x000056cc        0x4 ./Generated_Code/TU1.o
 .rodata.TSS_C0_STRUCTURE_CONTEXT
                0x000056d0       0x14 ./Sources/TSS/TSS_SystemSetupData.o
                0x000056d0                TSS_C0_STRUCTURE_CONTEXT
 .rodata.tss_faCallback
                0x000056e4        0x4 ./Sources/TSS/TSS_SystemSetupData.o
                0x000056e4                tss_faCallback
 .rodata.tss_acpsDecContext
                0x000056e8        0x4 ./Sources/TSS/TSS_SystemSetupData.o
                0x000056e8                tss_acpsDecContext
 .rodata.tss_acpsCSStructs
                0x000056ec        0x4 ./Sources/TSS/TSS_SystemSetupData.o
                0x000056ec                tss_acpsCSStructs
 .rodata.tss_cau8CntrlElecBound
                0x000056f0        0x4 ./Sources/TSS/TSS_SystemSetupData.o
                0x000056f0                tss_cau8CntrlElecBound
 .rodata.tss_faDecoders
                0x000056f4        0x4 ./Sources/TSS/TSS_SystemSetupData.o
                0x000056f4                tss_faDecoders
 .rodata.tss_fExecuteDecoders
                0x000056f8        0x4 ./Sources/TSS/TSS_SystemSetupData.o
                0x000056f8                tss_fExecuteDecoders
 .rodata.tss_fKeyDetectorDetectDecoder
                0x000056fc        0x4 ./Sources/TSS/TSS_SystemSetupData.o
                0x000056fc                tss_fKeyDetectorDetectDecoder
 .rodata.tss_fDecoderDataInit
                0x00005700        0x4 ./Sources/TSS/TSS_SystemSetupData.o
                0x00005700                tss_fDecoderDataInit
 .rodata.tss_cu8NumElecs
                0x00005704        0x1 ./Sources/TSS/TSS_SystemSetupData.o
                0x00005704                tss_cu8NumElecs
 .rodata.tss_cu8NumCtrls
                0x00005705        0x1 ./Sources/TSS/TSS_SystemSetupData.o
                0x00005705                tss_cu8NumCtrls
 .rodata.tss_cu8ElecBitFldLn
                0x00005706        0x1 ./Sources/TSS/TSS_SystemSetupData.o
                0x00005706                tss_cu8ElecBitFldLn
 .rodata.tss_cu8CtrlBitFldLn
                0x00005707        0x1 ./Sources/TSS/TSS_SystemSetupData.o
                0x00005707                tss_cu8CtrlBitFldLn
 .rodata.tss_fCalculateIIRFilter
                0x00005708        0x4 ./Sources/TSS/TSS_SystemSetupData.o
                0x00005708                tss_fCalculateIIRFilter
 .rodata.tss_fCalculateShielding
                0x0000570c        0x4 ./Sources/TSS/TSS_SystemSetupData.o
                0x0000570c                tss_fCalculateShielding
 .rodata.tss_fInitPrevCapSample
                0x00005710        0x4 ./Sources/TSS/TSS_SystemSetupData.o
                0x00005710                tss_fInitPrevCapSample
 .rodata.tss_fFillDeltaLoglBuffer
                0x00005714        0x4 ./Sources/TSS/TSS_SystemSetupData.o
                0x00005714                tss_fFillDeltaLoglBuffer
 .rodata.tss_fFillSignalLoglBuffer
                0x00005718        0x4 ./Sources/TSS/TSS_SystemSetupData.o
                0x00005718                tss_fFillSignalLoglBuffer
 .rodata.tss_fDataCorruptionCheck
                0x0000571c        0x4 ./Sources/TSS/TSS_SystemSetupData.o
                0x0000571c                tss_fDataCorruptionCheck
 .rodata.tss_fFmstrCall
                0x00005720        0x4 ./Sources/TSS/TSS_SystemSetupData.o
                0x00005720                tss_fFmstrCall
 .rodata.tss_fTriggerConfig
                0x00005724        0x4 ./Sources/TSS/TSS_SystemSetupData.o
                0x00005724                tss_fTriggerConfig
 .rodata.tss_fTriggerControl
                0x00005728        0x4 ./Sources/TSS/TSS_SystemSetupData.o
                0x00005728                tss_fTriggerControl
 .rodata.tss_fLowPowerConfig
                0x0000572c        0x4 ./Sources/TSS/TSS_SystemSetupData.o
                0x0000572c                tss_fLowPowerConfig
 .rodata.tss_fOnFault
                0x00005730        0x4 ./Sources/TSS/TSS_SystemSetupData.o
                0x00005730                tss_fOnFault
 .rodata.tss_fOnInit
                0x00005734        0x4 ./Sources/TSS/TSS_SystemSetupData.o
                0x00005734                tss_fOnInit
 .rodata.tss_cu8APosFilterWeight
                0x00005738        0x1 ./Sources/TSS/TSS_SystemSetupData.o
                0x00005738                tss_cu8APosFilterWeight
 *fill*         0x00005739        0x3 00
 .rodata.tss_fASliderCalculatePosIIRFilter
                0x0000573c        0x4 ./Sources/TSS/TSS_SystemSetupData.o
                0x0000573c                tss_fASliderCalculatePosIIRFilter
 .rodata.tss_cu8ASliderDelayBufferLength
                0x00005740        0x1 ./Sources/TSS/TSS_SystemSetupData.o
                0x00005740                tss_cu8ASliderDelayBufferLength
 *fill*         0x00005741        0x3 00
 .rodata.tss_fASliderDelayControl
                0x00005744        0x4 ./Sources/TSS/TSS_SystemSetupData.o
                0x00005744                tss_fASliderDelayControl
 .rodata.tss_cu8ASliderTrendBufferLength
                0x00005748        0x1 ./Sources/TSS/TSS_SystemSetupData.o
                0x00005748                tss_cu8ASliderTrendBufferLength
 .rodata.tss_i8ASliderTrendThreshold
                0x00005749        0x1 ./Sources/TSS/TSS_SystemSetupData.o
                0x00005749                tss_i8ASliderTrendThreshold
 *fill*         0x0000574a        0x2 00
 .rodata.tss_fASliderTrendThreshold
                0x0000574c        0x4 ./Sources/TSS/TSS_SystemSetupData.o
                0x0000574c                tss_fASliderTrendThreshold
 .rodata.tss_fASliderTrendControl
                0x00005750        0x4 ./Sources/TSS/TSS_SystemSetupData.o
                0x00005750                tss_fASliderTrendControl
 .rodata.tss_fOnProximity
                0x00005754        0x4 ./Sources/TSS/TSS_SystemSetupData.o
                0x00005754                tss_fOnProximity
 .rodata.tss_fProximityConfig
                0x00005758        0x4 ./Sources/TSS/TSS_SystemSetupData.o
                0x00005758                tss_fProximityConfig
 .rodata.tss_fStuckKeyControl
                0x0000575c        0x4 ./Sources/TSS/TSS_SystemSetupData.o
                0x0000575c                tss_fStuckKeyControl
 .rodata.tss_fResetStuckKeyCounter
                0x00005760        0x4 ./Sources/TSS/TSS_SystemSetupData.o
                0x00005760                tss_fResetStuckKeyCounter
 .rodata.tss_fNegativeBaselineDrop
                0x00005764        0x4 ./Sources/TSS/TSS_SystemSetupData.o
                0x00005764                tss_fNegativeBaselineDrop
 .rodata.tss_fKeyDetectorRecalibrationRequest
                0x00005768        0x4 ./Sources/TSS/TSS_SystemSetupData.o
                0x00005768                tss_fKeyDetectorRecalibrationRequest
 .rodata.tss_fSignalDivider
                0x0000576c        0x4 ./Sources/TSS/TSS_SystemSetupData.o
                0x0000576c                tss_fSignalDivider
 .rodata.tss_fSignalMultiplier
                0x00005770        0x4 ./Sources/TSS/TSS_SystemSetupData.o
                0x00005770                tss_fSignalMultiplier
 .rodata.tss_fAutoCalibration
                0x00005774        0x4 ./Sources/TSS/TSS_SystemSetupData.o
                0x00005774                tss_fAutoCalibration
 .rodata.tss_fDeltaNoiseAnalysisBufferControl
                0x00005778        0x4 ./Sources/TSS/TSS_SystemSetupData.o
                0x00005778                tss_fDeltaNoiseAnalysisBufferControl
 .rodata.tss_fDeltaNoiseAnalysisIIRControl
                0x0000577c        0x4 ./Sources/TSS/TSS_SystemSetupData.o
                0x0000577c                tss_fDeltaNoiseAnalysisIIRControl
 .rodata.tss_u8BaselineInitLength
                0x00005780        0x1 ./Sources/TSS/TSS_SystemSetupData.o
                0x00005780                tss_u8BaselineInitLength
 .rodata.tss_u8AutoCalibInitLength
                0x00005781        0x1 ./Sources/TSS/TSS_SystemSetupData.o
                0x00005781                tss_u8AutoCalibInitLength
 .rodata.tss_u8DeltaNoiseAnalysisBufferLength
                0x00005782        0x1 ./Sources/TSS/TSS_SystemSetupData.o
                0x00005782                tss_u8DeltaNoiseAnalysisBufferLength
 .rodata.tss_i8DeltaNoiseAnalysisIIRWeight1
                0x00005783        0x1 ./Sources/TSS/TSS_SystemSetupData.o
                0x00005783                tss_i8DeltaNoiseAnalysisIIRWeight1
 .rodata.tss_i8DeltaNoiseAnalysisIIRWeight2
                0x00005784        0x1 ./Sources/TSS/TSS_SystemSetupData.o
                0x00005784                tss_i8DeltaNoiseAnalysisIIRWeight2
 *fill*         0x00005785        0x3 00
 .rodata.tss_csASCContext
                0x00005788        0x8 ./Sources/TSS/TSS_SystemSetupData.o
                0x00005788                tss_csASCContext
 .rodata.TSS_TSIL0_METHOD_ROMDATA_CONTEXT
                0x00005790       0x10 ./Sources/TSS/TSS_SensorTSIL.o
                0x00005790                TSS_TSIL0_METHOD_ROMDATA_CONTEXT
 .rodata.TSS_E0_ROMDATA_CONTEXT
                0x000057a0        0xc ./Sources/TSS/TSS_SensorTSIL.o
                0x000057a0                TSS_E0_ROMDATA_CONTEXT
 .rodata.TSS_E1_ROMDATA_CONTEXT
                0x000057ac        0xc ./Sources/TSS/TSS_SensorTSIL.o
                0x000057ac                TSS_E1_ROMDATA_CONTEXT
 .rodata.tss_faSampleElectrode
                0x000057b8        0x8 ./Sources/TSS/TSS_Sensor.o
                0x000057b8                tss_faSampleElectrode
 .rodata.tss_acp8ElectrodeROMData
                0x000057c0        0x8 ./Sources/TSS/TSS_Sensor.o
                0x000057c0                tss_acp8ElectrodeROMData
 .rodata.str1.1
                0x000057c8        0x1 C:/Freescale/CW MCU v10.5/MCU/ARM_GCC_Support/ewl/lib/armv6-m\libc.a(printformat_.o)
 .rodata.CSWTCH.20
                0x000057c9        0x5 C:/Freescale/CW MCU v10.5/MCU/ARM_GCC_Support/ewl/lib/armv6-m\libc.a(printformat_.o)
 .rodata.CSWTCH.21
                0x000057ce        0x5 C:/Freescale/CW MCU v10.5/MCU/ARM_GCC_Support/ewl/lib/armv6-m\libc.a(printformat_.o)
 .rodata.__aeabi_ctype_table_C
                0x000057d3      0x101 C:/Freescale/CW MCU v10.5/MCU/ARM_GCC_Support/ewl/lib/armv6-m\libc.a(ctype_aeabi.o)
                0x000057d3                __aeabi_ctype_table_C
 *(.glue_7)
 .glue_7        0x00000000        0x0 linker stubs
 *(.glue_7t)
 .glue_7t       0x00000000        0x0 linker stubs
 *(.eh_frame)
 *(.init)
 *(.fini)
                0x000058d4                . = ALIGN (0x4)
                0x000058d4                _etext = .

.vfp11_veneer   0x000058d4        0x0
 .vfp11_veneer  0x00000000        0x0 linker stubs

.v4_bx          0x000058d4        0x0
 .v4_bx         0x00000000        0x0 linker stubs

.iplt           0x000058d4        0x0
 .iplt          0x00000000        0x0 ./Generated_Code/Vectors.o

.rel.dyn        0x000058d4        0x0
 .rel.iplt      0x00000000        0x0 ./Generated_Code/Vectors.o

.ARM.extab
 *(.ARM.extab* .gnu.linkonce.armextab.*)

.ARM            0x000058d4        0x0
                0x000058d4                __exidx_start = .
 *(.ARM.exidx*)
                0x000058d4                __exidx_end = .

.ctors          0x000058d4        0x0
                0x000058d4                __CTOR_LIST__ = .
 *crtbegin.o(.ctors)
 *(EXCLUDE_FILE(*crtend.o) .ctors)
 *(SORT(.ctors.*))
 *(.ctors)
                0x000058d4                __CTOR_END__ = .

.dtors          0x000058d4        0x0
                0x000058d4                __DTOR_LIST__ = .
 *crtbegin.o(.dtors)
 *(EXCLUDE_FILE(*crtend.o) .dtors)
 *(SORT(.dtors.*))
 *(.dtors)
                0x000058d4                __DTOR_END__ = .

.preinit_array  0x000058d4        0x0
                0x000058d4                PROVIDE (__preinit_array_start, .)
 *(.preinit_array*)
                0x000058d4                PROVIDE (__preinit_array_end, .)

.init_array     0x000058d4        0x0
                0x000058d4                PROVIDE (__init_array_start, .)
 *(SORT(.init_array.*))
 *(.init_array*)
                0x000058d4                PROVIDE (__init_array_end, .)

.fini_array     0x000058d4        0x0
                0x000058d4                PROVIDE (__fini_array_start, .)
 *(SORT(.fini_array.*))
 *(.fini_array*)
                0x000058d4                PROVIDE (__fini_array_end, .)
                0x000058d4                ___ROM_AT = .

.mtb            0x1ffff000        0x0
                0x1ffff000                . = ALIGN (0x8)
                0x1ffff000                _mtb_start = .
 *(.mtb_buf)
                0x1ffff000                . = ALIGN (0x8)
                0x1ffff000                _mtb_end = .

.data           0x1ffff000        0xc load address 0x000058d4
                0x1ffff000                . = ALIGN (0x4)
                0x1ffff000                _sdata = .
 *(.data)
 .data          0x1ffff000        0x1 C:/Users/Alex/Desktop/Embedded/CodeWarrior/Tchpd/Sources/TSS\libTSS_KXX_M0.a(TSS_KeyDetector.o)
 *(.data*)
 *fill*         0x1ffff001        0x3 00
 .data.AnalogSlider
                0x1ffff004        0x8 ./Sources/TSS/TSS_SystemSetupData.o
                0x1ffff004                AnalogSlider
                0x1ffff00c                . = ALIGN (0x4)
                0x1ffff00c                _edata = .
                0x0000000c                ___data_size = (_edata - _sdata)

.igot.plt       0x1ffff00c        0x0 load address 0x000058e0
 .igot.plt      0x00000000        0x0 ./Generated_Code/Vectors.o
                0x1ffff00c                . = ALIGN (0x4)

.bss            0x1ffff00c      0x12c load address 0x000058e0
                0x1ffff00c                __START_BSS = .
                0x1ffff00c                PROVIDE (__bss_start__, __START_BSS)
 *(.bss)
 .bss           0x1ffff00c        0x4 C:/Users/Alex/Desktop/Embedded/CodeWarrior/Tchpd/Sources/TSS\libTSS_KXX_M0.a(TSS_KeyDetector.o)
 .bss           0x1ffff010        0x1 C:/Users/Alex/Desktop/Embedded/CodeWarrior/Tchpd/Sources/TSS\libTSS_KXX_M0.a(TSS_Main.o)
 *(.bss*)
 *fill*         0x1ffff011        0x3 00
 .bss.DeviceDataPrv__DEFAULT_RTOS_ALLOC
                0x1ffff014        0x4 ./Generated_Code/TU1.o
 .bss.PE_LDD_DeviceDataList
                0x1ffff018        0x4 ./Generated_Code/PE_LDD.o
                0x1ffff018                PE_LDD_DeviceDataList
 .bss.argv      0x1ffff01c        0x4 ./Project_Settings/Startup_Code/__arm_start.o
 .bss.TSS_TSIL0_METHOD_RAMDATA_CONTEXT
                0x1ffff020        0x8 ./Sources/TSS/TSS_SensorTSIL.o
                0x1ffff020                TSS_TSIL0_METHOD_RAMDATA_CONTEXT
 .bss.tsi_au16Resolution
                0x1ffff028        0x2 ./Sources/TSS/TSS_SensorTSIL.o
 *fill*         0x1ffff02a        0x2 00
 .bss.__stdio_exit
                0x1ffff02c        0x4 C:/Freescale/CW MCU v10.5/MCU/ARM_GCC_Support/ewl/lib/armv6-m\libc.a(exit.o)
                0x1ffff02c                __stdio_exit
 .bss.__console_exit
                0x1ffff030        0x4 C:/Freescale/CW MCU v10.5/MCU/ARM_GCC_Support/ewl/lib/armv6-m\libc.a(exit.o)
                0x1ffff030                __console_exit
 .bss.__S_romp  0x1ffff034        0xc C:/Freescale/CW MCU v10.5/MCU/ARM_GCC_Support/ewl/lib/armv6-m\librt.a(ROMCopy.o)
 .bss.__global_destructor_chain
                0x1ffff040        0x4 C:/Freescale/CW MCU v10.5/MCU/ARM_GCC_Support/ewl/lib/armv6-m\librt.a(__arm_eabi_init.o)
                0x1ffff040                __global_destructor_chain
 *(COMMON)
 COMMON         0x1ffff044       0xbe ./Sources/TSS/TSS_SystemSetupData.o
                0x1ffff044                tss_au8StuckCount
                0x1ffff046                tss_u8ConfCheckSum
                0x1ffff048                tss_au8Sensitivity
                0x1ffff04c                tss_ai8DeltaAmplitude
                0x1ffff050                tss_CSSys
                0x1ffff060                tss_cau8SignalMultiplier
                0x1ffff064                tss_ai8MaxDeltaAmplitude
                0x1ffff068                tss_asDeltaNoiseAnalysisBufferData
                0x1ffff06c                tss_cau8SignalDivider
                0x1ffff070                tss_ai8InstantDelta
                0x1ffff074                tss_au8ControlIdleState
                0x1ffff078                TSS_C0_DELAY_BUFFER
                0x1ffff07c                tss_au16PrevCapSample
                0x1ffff080                TSS_C0_TREND_BUFFER
                0x1ffff0a0                tss_ai8DeltaNoiseAnalysisBuffer
                0x1ffff0a4                tss_au8ControlScheduleCount
                0x1ffff0a8                TSS_C0_TREND_CONTEXT
                0x1ffff0ac                tss_au8TouchCount
                0x1ffff0b0                tss_au8ElectrodeMeasured
                0x1ffff0b4                tss_au16InstantSignal
                0x1ffff0b8                tss_ai8CalPrevDelta
                0x1ffff0bc                tss_au8DebounceCount
                0x1ffff0c0                tss_au8ElectrodeStatus
                0x1ffff0c4                tss_au8ControlIdleCounter
                0x1ffff0c8                tss_ai8NoiseAmplitude
                0x1ffff0cc                tss_asDeltaNoiseAnalysisIIRData
                0x1ffff0d8                tss_asAutoCalibrationData
                0x1ffff0e0                tss_au8ElecState
                0x1ffff0e4                TSS_C0_DELAY_CONTEXT
                0x1ffff0e8                tss_au8ElectrodeEnablers
                0x1ffff0ec                TSS_C0_POSFILTER_CONTEXT
                0x1ffff0f0                tss_au16ElecBaseline
                0x1ffff0f4                tss_au16ControlBuffers
                0x1ffff0f8                tss_cau8ShieldPairs
                0x1ffff0fc                tss_apsControlPrivateData
                0x1ffff100                tss_au8ReleaseCount
 *fill*         0x1ffff102        0x2 00
 COMMON         0x1ffff104       0x20 ./Sources/TSS/TSS_SensorTSIL.o
                0x1ffff104                TSS_TSIL0_CHANNEL_COUNTER_BUFFER
 COMMON         0x1ffff124       0x10 ./Sources/TSS/TSS_Sensor.o
                0x1ffff124                tss_u8SampleIntFlag
                0x1ffff128                tss_psElectrodeTimertAdr
                0x1ffff12c                tss_u8ElectrodeBitNum
                0x1ffff130                tss_psElectrodeRGPIOAdr
 COMMON         0x1ffff134        0x2 C:/Users/Alex/Desktop/Embedded/CodeWarrior/Tchpd/Sources/TSS\libTSS_KXX_M0.a(TSS_KeyDetector.o)
                0x1ffff134                tss_u16CapSample
                0x1ffff138                . = ALIGN (0x4)
 *fill*         0x1ffff136        0x2 00
                0x1ffff138                __END_BSS = .
                0x1ffff138                PROVIDE (__bss_end__, __END_BSS)
                0x000058e0                _romp_at = (___ROM_AT + SIZEOF (.data))

.romp           0x1ffff138       0x18 load address 0x000058e0
                0x000058e0                __S_romp = _romp_at
                0x1ffff138        0x4 LONG 0x58d4 ___ROM_AT
                0x1ffff13c        0x4 LONG 0x1ffff000 _sdata
                0x1ffff140        0x4 LONG 0xc ___data_size
                0x1ffff144        0x4 LONG 0x0
                0x1ffff148        0x4 LONG 0x0
                0x1ffff14c        0x4 LONG 0x0

._user_heap_stack
                0x1ffff150      0x400 load address 0x000058f8
                0x1ffff150                . = ALIGN (0x4)
                0x1ffff150                PROVIDE (end, .)
                0x1ffff150                PROVIDE (_end, .)
                0x1ffff150                __heap_addr = .
                0x1ffff150                . = (. + __heap_size)
                0x1ffff550                . = (. + __stack_size)
 *fill*         0x1ffff150      0x400 00
                0x1ffff550                . = ALIGN (0x4)

.ARM.attributes
                0x00000000       0x31
 *(.ARM.attributes)
 .ARM.attributes
                0x00000000       0x31 ./Generated_Code/Vectors.o
 .ARM.attributes
                0x00000031       0x31 ./Generated_Code/TU1.o
 .ARM.attributes
                0x00000062       0x31 ./Generated_Code/TSS1.o
 .ARM.attributes
                0x00000093       0x31 ./Generated_Code/PE_LDD.o
 .ARM.attributes
                0x000000c4       0x31 ./Generated_Code/Cpu.o
 .ARM.attributes
                0x000000f5       0x31 ./Project_Settings/Startup_Code/__arm_start.o
 .ARM.attributes
                0x00000126       0x31 ./Project_Settings/Startup_Code/__arm_end.o
 .ARM.attributes
                0x00000157       0x31 ./Sources/TSS/TSS_SystemSetupData.o
 .ARM.attributes
                0x00000188       0x31 ./Sources/TSS/TSS_SensorTSIL.o
 .ARM.attributes
                0x000001b9       0x31 ./Sources/TSS/TSS_Sensor.o
 .ARM.attributes
                0x000001ea       0x31 ./Sources/ProcessorExpert.o
 .ARM.attributes
                0x0000021b       0x31 ./Sources/Events.o
 .ARM.attributes
                0x0000024c       0x31 C:/Users/Alex/Desktop/Embedded/CodeWarrior/Tchpd/Sources/TSS\libTSS_KXX_M0.a(TSS_ASliderDecoder.o)
 .ARM.attributes
                0x0000027d       0x31 C:/Users/Alex/Desktop/Embedded/CodeWarrior/Tchpd/Sources/TSS\libTSS_KXX_M0.a(TSS_Filters.o)
 .ARM.attributes
                0x000002ae       0x31 C:/Users/Alex/Desktop/Embedded/CodeWarrior/Tchpd/Sources/TSS\libTSS_KXX_M0.a(TSS_KeyDetector.o)
 .ARM.attributes
                0x000002df       0x31 C:/Users/Alex/Desktop/Embedded/CodeWarrior/Tchpd/Sources/TSS\libTSS_KXX_M0.a(TSS_Main.o)
 .ARM.attributes
                0x00000310       0x31 C:/Freescale/CW MCU v10.5/MCU/ARM_GCC_Support/ewl/lib/armv6-m\libc.a(exit.o)
 .ARM.attributes
                0x00000341       0x31 C:/Freescale/CW MCU v10.5/MCU/ARM_GCC_Support/ewl/lib/armv6-m\libc.a(memset.o)
 .ARM.attributes
                0x00000372       0x31 C:/Freescale/CW MCU v10.5/MCU/ARM_GCC_Support/ewl/lib/armv6-m\libc.a(printformat_.o)
 .ARM.attributes
                0x000003a3       0x31 C:/Freescale/CW MCU v10.5/MCU/ARM_GCC_Support/ewl/lib/armv6-m\libc.a(scanformat_.o)
 .ARM.attributes
                0x000003d4       0x31 C:/Freescale/CW MCU v10.5/MCU/ARM_GCC_Support/ewl/lib/armv6-m\libc.a(ctype_aeabi.o)
 .ARM.attributes
                0x00000405       0x31 C:/Freescale/CW MCU v10.5/MCU/ARM_GCC_Support/ewl/lib/armv6-m\libc.a(__strtoul.o)
 .ARM.attributes
                0x00000436       0x31 C:/Freescale/CW MCU v10.5/MCU/ARM_GCC_Support/ewl/lib/armv6-m\libc.a(__filll_mem.o)
 .ARM.attributes
                0x00000467       0x31 C:/Freescale/CW MCU v10.5/MCU/ARM_GCC_Support/ewl/lib/armv6-m\libc.a(memchr.o)
 .ARM.attributes
                0x00000498       0x31 C:/Freescale/CW MCU v10.5/MCU/ARM_GCC_Support/ewl/lib/armv6-m\libc.a(memcpy.o)
 .ARM.attributes
                0x000004c9       0x31 C:/Freescale/CW MCU v10.5/MCU/ARM_GCC_Support/ewl/lib/armv6-m\libc.a(strchr.o)
 .ARM.attributes
                0x000004fa       0x31 C:/Freescale/CW MCU v10.5/MCU/ARM_GCC_Support/ewl/lib/armv6-m\libc.a(strlen.o)
 .ARM.attributes
                0x0000052b       0x1e c:/freescale/cw mcu v10.5/cross_tools/arm-none-eabi-gcc-4_7_3/bin/../lib/gcc/arm-none-eabi/4.7.3/armv6-m\libgcc.a(_thumb1_case_sqi.o)
 .ARM.attributes
                0x00000549       0x1e c:/freescale/cw mcu v10.5/cross_tools/arm-none-eabi-gcc-4_7_3/bin/../lib/gcc/arm-none-eabi/4.7.3/armv6-m\libgcc.a(_thumb1_case_uqi.o)
 .ARM.attributes
                0x00000567       0x1e c:/freescale/cw mcu v10.5/cross_tools/arm-none-eabi-gcc-4_7_3/bin/../lib/gcc/arm-none-eabi/4.7.3/armv6-m\libgcc.a(_udivsi3.o)
 .ARM.attributes
                0x00000585       0x1e c:/freescale/cw mcu v10.5/cross_tools/arm-none-eabi-gcc-4_7_3/bin/../lib/gcc/arm-none-eabi/4.7.3/armv6-m\libgcc.a(_divsi3.o)
 .ARM.attributes
                0x000005a3       0x1e c:/freescale/cw mcu v10.5/cross_tools/arm-none-eabi-gcc-4_7_3/bin/../lib/gcc/arm-none-eabi/4.7.3/armv6-m\libgcc.a(_dvmd_tls.o)
 .ARM.attributes
                0x000005c1       0x31 C:/Freescale/CW MCU v10.5/MCU/ARM_GCC_Support/ewl/lib/armv6-m\librt.a(gcc_ctor_dtor.o)
 .ARM.attributes
                0x000005f2       0x31 C:/Freescale/CW MCU v10.5/MCU/ARM_GCC_Support/ewl/lib/armv6-m\librt.a(ROMCopy.o)
 .ARM.attributes
                0x00000623       0x31 C:/Freescale/CW MCU v10.5/MCU/ARM_GCC_Support/ewl/lib/armv6-m\librt.a(__arm_eabi_init.o)
OUTPUT(Tchpd.elf elf32-littlearm)

.debug_info     0x00000000     0x61bb
 .debug_info    0x00000000      0x104 ./Generated_Code/Vectors.o
 .debug_info    0x00000104      0x583 ./Generated_Code/TU1.o
 .debug_info    0x00000687      0x65f ./Generated_Code/TSS1.o
 .debug_info    0x00000ce6      0x24e ./Generated_Code/PE_LDD.o
 .debug_info    0x00000f34      0x8e0 ./Generated_Code/Cpu.o
 .debug_info    0x00001814      0x12a ./Project_Settings/Startup_Code/__arm_start.o
 .debug_info    0x0000193e       0x54 ./Project_Settings/Startup_Code/__arm_end.o
 .debug_info    0x00001992     0x111c ./Sources/TSS/TSS_SystemSetupData.o
 .debug_info    0x00002aae      0xf7e ./Sources/TSS/TSS_SensorTSIL.o
 .debug_info    0x00003a2c      0x4e5 ./Sources/TSS/TSS_Sensor.o
 .debug_info    0x00003f11       0x8f ./Sources/ProcessorExpert.o
 .debug_info    0x00003fa0      0x603 ./Sources/Events.o
 .debug_info    0x000045a3       0xe8 C:/Freescale/CW MCU v10.5/MCU/ARM_GCC_Support/ewl/lib/armv6-m\libc.a(exit.o)
 .debug_info    0x0000468b       0xec C:/Freescale/CW MCU v10.5/MCU/ARM_GCC_Support/ewl/lib/armv6-m\libc.a(memset.o)
 .debug_info    0x00004777      0x50d C:/Freescale/CW MCU v10.5/MCU/ARM_GCC_Support/ewl/lib/armv6-m\libc.a(printformat_.o)
 .debug_info    0x00004c84      0x568 C:/Freescale/CW MCU v10.5/MCU/ARM_GCC_Support/ewl/lib/armv6-m\libc.a(scanformat_.o)
 .debug_info    0x000051ec      0x313 C:/Freescale/CW MCU v10.5/MCU/ARM_GCC_Support/ewl/lib/armv6-m\libc.a(ctype_aeabi.o)
 .debug_info    0x000054ff      0x1d6 C:/Freescale/CW MCU v10.5/MCU/ARM_GCC_Support/ewl/lib/armv6-m\libc.a(__strtoul.o)
 .debug_info    0x000056d5      0x137 C:/Freescale/CW MCU v10.5/MCU/ARM_GCC_Support/ewl/lib/armv6-m\libc.a(__filll_mem.o)
 .debug_info    0x0000580c      0x121 C:/Freescale/CW MCU v10.5/MCU/ARM_GCC_Support/ewl/lib/armv6-m\libc.a(memchr.o)
 .debug_info    0x0000592d      0x10f C:/Freescale/CW MCU v10.5/MCU/ARM_GCC_Support/ewl/lib/armv6-m\libc.a(memcpy.o)
 .debug_info    0x00005a3c      0x10b C:/Freescale/CW MCU v10.5/MCU/ARM_GCC_Support/ewl/lib/armv6-m\libc.a(strchr.o)
 .debug_info    0x00005b47       0xea C:/Freescale/CW MCU v10.5/MCU/ARM_GCC_Support/ewl/lib/armv6-m\libc.a(strlen.o)
 .debug_info    0x00005c31      0x136 C:/Freescale/CW MCU v10.5/MCU/ARM_GCC_Support/ewl/lib/armv6-m\librt.a(gcc_ctor_dtor.o)
 .debug_info    0x00005d67      0x19b C:/Freescale/CW MCU v10.5/MCU/ARM_GCC_Support/ewl/lib/armv6-m\librt.a(ROMCopy.o)
 .debug_info    0x00005f02      0x2b9 C:/Freescale/CW MCU v10.5/MCU/ARM_GCC_Support/ewl/lib/armv6-m\librt.a(__arm_eabi_init.o)

.debug_abbrev   0x00000000     0x1772
 .debug_abbrev  0x00000000       0xa3 ./Generated_Code/Vectors.o
 .debug_abbrev  0x000000a3      0x131 ./Generated_Code/TU1.o
 .debug_abbrev  0x000001d4      0x145 ./Generated_Code/TSS1.o
 .debug_abbrev  0x00000319      0x102 ./Generated_Code/PE_LDD.o
 .debug_abbrev  0x0000041b      0x111 ./Generated_Code/Cpu.o
 .debug_abbrev  0x0000052c       0x92 ./Project_Settings/Startup_Code/__arm_start.o
 .debug_abbrev  0x000005be       0x4c ./Project_Settings/Startup_Code/__arm_end.o
 .debug_abbrev  0x0000060a      0x12b ./Sources/TSS/TSS_SystemSetupData.o
 .debug_abbrev  0x00000735      0x1ba ./Sources/TSS/TSS_SensorTSIL.o
 .debug_abbrev  0x000008ef      0x115 ./Sources/TSS/TSS_Sensor.o
 .debug_abbrev  0x00000a04       0x3f ./Sources/ProcessorExpert.o
 .debug_abbrev  0x00000a43      0x101 ./Sources/Events.o
 .debug_abbrev  0x00000b44       0x7a C:/Freescale/CW MCU v10.5/MCU/ARM_GCC_Support/ewl/lib/armv6-m\libc.a(exit.o)
 .debug_abbrev  0x00000bbe       0x62 C:/Freescale/CW MCU v10.5/MCU/ARM_GCC_Support/ewl/lib/armv6-m\libc.a(memset.o)
 .debug_abbrev  0x00000c20      0x200 C:/Freescale/CW MCU v10.5/MCU/ARM_GCC_Support/ewl/lib/armv6-m\libc.a(printformat_.o)
 .debug_abbrev  0x00000e20      0x1f0 C:/Freescale/CW MCU v10.5/MCU/ARM_GCC_Support/ewl/lib/armv6-m\libc.a(scanformat_.o)
 .debug_abbrev  0x00001010       0x9e C:/Freescale/CW MCU v10.5/MCU/ARM_GCC_Support/ewl/lib/armv6-m\libc.a(ctype_aeabi.o)
 .debug_abbrev  0x000010ae       0xc2 C:/Freescale/CW MCU v10.5/MCU/ARM_GCC_Support/ewl/lib/armv6-m\libc.a(__strtoul.o)
 .debug_abbrev  0x00001170       0x78 C:/Freescale/CW MCU v10.5/MCU/ARM_GCC_Support/ewl/lib/armv6-m\libc.a(__filll_mem.o)
 .debug_abbrev  0x000011e8       0x95 C:/Freescale/CW MCU v10.5/MCU/ARM_GCC_Support/ewl/lib/armv6-m\libc.a(memchr.o)
 .debug_abbrev  0x0000127d       0x95 C:/Freescale/CW MCU v10.5/MCU/ARM_GCC_Support/ewl/lib/armv6-m\libc.a(memcpy.o)
 .debug_abbrev  0x00001312       0x7a C:/Freescale/CW MCU v10.5/MCU/ARM_GCC_Support/ewl/lib/armv6-m\libc.a(strchr.o)
 .debug_abbrev  0x0000138c       0x7a C:/Freescale/CW MCU v10.5/MCU/ARM_GCC_Support/ewl/lib/armv6-m\libc.a(strlen.o)
 .debug_abbrev  0x00001406       0x99 C:/Freescale/CW MCU v10.5/MCU/ARM_GCC_Support/ewl/lib/armv6-m\librt.a(gcc_ctor_dtor.o)
 .debug_abbrev  0x0000149f      0x120 C:/Freescale/CW MCU v10.5/MCU/ARM_GCC_Support/ewl/lib/armv6-m\librt.a(ROMCopy.o)
 .debug_abbrev  0x000015bf      0x1b3 C:/Freescale/CW MCU v10.5/MCU/ARM_GCC_Support/ewl/lib/armv6-m\librt.a(__arm_eabi_init.o)

.debug_aranges  0x00000000      0x4c0
 .debug_aranges
                0x00000000       0x18 ./Generated_Code/Vectors.o
 .debug_aranges
                0x00000018       0x28 ./Generated_Code/TU1.o
 .debug_aranges
                0x00000040       0x28 ./Generated_Code/TSS1.o
 .debug_aranges
                0x00000068       0x30 ./Generated_Code/PE_LDD.o
 .debug_aranges
                0x00000098       0x38 ./Generated_Code/Cpu.o
 .debug_aranges
                0x000000d0       0x30 ./Project_Settings/Startup_Code/__arm_start.o
 .debug_aranges
                0x00000100       0x20 ./Project_Settings/Startup_Code/__arm_end.o
 .debug_aranges
                0x00000120       0x20 ./Sources/TSS/TSS_SystemSetupData.o
 .debug_aranges
                0x00000140       0x78 ./Sources/TSS/TSS_SensorTSIL.o
 .debug_aranges
                0x000001b8       0x30 ./Sources/TSS/TSS_Sensor.o
 .debug_aranges
                0x000001e8       0x20 ./Sources/ProcessorExpert.o
 .debug_aranges
                0x00000208       0x38 ./Sources/Events.o
 .debug_aranges
                0x00000240       0x20 C:/Freescale/CW MCU v10.5/MCU/ARM_GCC_Support/ewl/lib/armv6-m\libc.a(exit.o)
 .debug_aranges
                0x00000260       0x20 C:/Freescale/CW MCU v10.5/MCU/ARM_GCC_Support/ewl/lib/armv6-m\libc.a(memset.o)
 .debug_aranges
                0x00000280       0x28 C:/Freescale/CW MCU v10.5/MCU/ARM_GCC_Support/ewl/lib/armv6-m\libc.a(printformat_.o)
 .debug_aranges
                0x000002a8       0x20 C:/Freescale/CW MCU v10.5/MCU/ARM_GCC_Support/ewl/lib/armv6-m\libc.a(scanformat_.o)
 .debug_aranges
                0x000002c8       0x88 C:/Freescale/CW MCU v10.5/MCU/ARM_GCC_Support/ewl/lib/armv6-m\libc.a(ctype_aeabi.o)
 .debug_aranges
                0x00000350       0x20 C:/Freescale/CW MCU v10.5/MCU/ARM_GCC_Support/ewl/lib/armv6-m\libc.a(__strtoul.o)
 .debug_aranges
                0x00000370       0x20 C:/Freescale/CW MCU v10.5/MCU/ARM_GCC_Support/ewl/lib/armv6-m\libc.a(__filll_mem.o)
 .debug_aranges
                0x00000390       0x20 C:/Freescale/CW MCU v10.5/MCU/ARM_GCC_Support/ewl/lib/armv6-m\libc.a(memchr.o)
 .debug_aranges
                0x000003b0       0x20 C:/Freescale/CW MCU v10.5/MCU/ARM_GCC_Support/ewl/lib/armv6-m\libc.a(memcpy.o)
 .debug_aranges
                0x000003d0       0x20 C:/Freescale/CW MCU v10.5/MCU/ARM_GCC_Support/ewl/lib/armv6-m\libc.a(strchr.o)
 .debug_aranges
                0x000003f0       0x20 C:/Freescale/CW MCU v10.5/MCU/ARM_GCC_Support/ewl/lib/armv6-m\libc.a(strlen.o)
 .debug_aranges
                0x00000410       0x28 C:/Freescale/CW MCU v10.5/MCU/ARM_GCC_Support/ewl/lib/armv6-m\librt.a(gcc_ctor_dtor.o)
 .debug_aranges
                0x00000438       0x30 C:/Freescale/CW MCU v10.5/MCU/ARM_GCC_Support/ewl/lib/armv6-m\librt.a(ROMCopy.o)
 .debug_aranges
                0x00000468       0x58 C:/Freescale/CW MCU v10.5/MCU/ARM_GCC_Support/ewl/lib/armv6-m\librt.a(__arm_eabi_init.o)

.debug_macinfo  0x00000000   0x255dcb
 .debug_macinfo
                0x00000000    0x3aa02 ./Generated_Code/Vectors.o
 .debug_macinfo
                0x0003aa02    0x2f9ad ./Generated_Code/TU1.o
 .debug_macinfo
                0x0006a3af    0x3a9fe ./Generated_Code/TSS1.o
 .debug_macinfo
                0x000a4dad    0x3a9ea ./Generated_Code/PE_LDD.o
 .debug_macinfo
                0x000df797    0x3aa06 ./Generated_Code/Cpu.o
 .debug_macinfo
                0x0011a19d     0x3e6d ./Project_Settings/Startup_Code/__arm_start.o
 .debug_macinfo
                0x0011e00a     0x3456 ./Project_Settings/Startup_Code/__arm_end.o
 .debug_macinfo
                0x00121460    0x39155 ./Sources/TSS/TSS_SystemSetupData.o
 .debug_macinfo
                0x0015a5b5    0x419a9 ./Sources/TSS/TSS_SensorTSIL.o
 .debug_macinfo
                0x0019bf5e    0x44a75 ./Sources/TSS/TSS_Sensor.o
 .debug_macinfo
                0x001e09d3    0x3a9fe ./Sources/ProcessorExpert.o
 .debug_macinfo
                0x0021b3d1    0x3a9fa ./Sources/Events.o

.debug_line     0x00000000     0x36dd
 .debug_line    0x00000000      0x39f ./Generated_Code/Vectors.o
 .debug_line    0x0000039f      0x24b ./Generated_Code/TU1.o
 .debug_line    0x000005ea      0x388 ./Generated_Code/TSS1.o
 .debug_line    0x00000972      0x393 ./Generated_Code/PE_LDD.o
 .debug_line    0x00000d05      0x415 ./Generated_Code/Cpu.o
 .debug_line    0x0000111a      0x2a1 ./Project_Settings/Startup_Code/__arm_start.o
 .debug_line    0x000013bb      0x266 ./Project_Settings/Startup_Code/__arm_end.o
 .debug_line    0x00001621      0x2c6 ./Sources/TSS/TSS_SystemSetupData.o
 .debug_line    0x000018e7      0x501 ./Sources/TSS/TSS_SensorTSIL.o
 .debug_line    0x00001de8      0x323 ./Sources/TSS/TSS_Sensor.o
 .debug_line    0x0000210b      0x362 ./Sources/ProcessorExpert.o
 .debug_line    0x0000246d      0x394 ./Sources/Events.o
 .debug_line    0x00002801       0x8d C:/Freescale/CW MCU v10.5/MCU/ARM_GCC_Support/ewl/lib/armv6-m\libc.a(exit.o)
 .debug_line    0x0000288e       0x90 C:/Freescale/CW MCU v10.5/MCU/ARM_GCC_Support/ewl/lib/armv6-m\libc.a(memset.o)
 .debug_line    0x0000291e      0x2c3 C:/Freescale/CW MCU v10.5/MCU/ARM_GCC_Support/ewl/lib/armv6-m\libc.a(printformat_.o)
 .debug_line    0x00002be1      0x2be C:/Freescale/CW MCU v10.5/MCU/ARM_GCC_Support/ewl/lib/armv6-m\libc.a(scanformat_.o)
 .debug_line    0x00002e9f      0x1be C:/Freescale/CW MCU v10.5/MCU/ARM_GCC_Support/ewl/lib/armv6-m\libc.a(ctype_aeabi.o)
 .debug_line    0x0000305d      0x11e C:/Freescale/CW MCU v10.5/MCU/ARM_GCC_Support/ewl/lib/armv6-m\libc.a(__strtoul.o)
 .debug_line    0x0000317b       0xf6 C:/Freescale/CW MCU v10.5/MCU/ARM_GCC_Support/ewl/lib/armv6-m\libc.a(__filll_mem.o)
 .debug_line    0x00003271       0x9f C:/Freescale/CW MCU v10.5/MCU/ARM_GCC_Support/ewl/lib/armv6-m\libc.a(memchr.o)
 .debug_line    0x00003310       0x8b C:/Freescale/CW MCU v10.5/MCU/ARM_GCC_Support/ewl/lib/armv6-m\libc.a(memcpy.o)
 .debug_line    0x0000339b       0x7d C:/Freescale/CW MCU v10.5/MCU/ARM_GCC_Support/ewl/lib/armv6-m\libc.a(strchr.o)
 .debug_line    0x00003418       0x85 C:/Freescale/CW MCU v10.5/MCU/ARM_GCC_Support/ewl/lib/armv6-m\libc.a(strlen.o)
 .debug_line    0x0000349d       0x6c C:/Freescale/CW MCU v10.5/MCU/ARM_GCC_Support/ewl/lib/armv6-m\librt.a(gcc_ctor_dtor.o)
 .debug_line    0x00003509       0xbd C:/Freescale/CW MCU v10.5/MCU/ARM_GCC_Support/ewl/lib/armv6-m\librt.a(ROMCopy.o)
 .debug_line    0x000035c6      0x117 C:/Freescale/CW MCU v10.5/MCU/ARM_GCC_Support/ewl/lib/armv6-m\librt.a(__arm_eabi_init.o)

.debug_str      0x00000000     0x2cae
 .debug_str     0x00000000      0x146 ./Generated_Code/Vectors.o
                                0x172 (size before relaxing)
 .debug_str     0x00000146      0x252 ./Generated_Code/TU1.o
                                0x37a (size before relaxing)
 .debug_str     0x00000398      0x4a5 ./Generated_Code/TSS1.o
                                0x6f5 (size before relaxing)
 .debug_str     0x0000083d      0x170 ./Generated_Code/PE_LDD.o
                                0x2d5 (size before relaxing)
 .debug_str     0x000009ad      0x1bb ./Generated_Code/Cpu.o
                                0x421 (size before relaxing)
 .debug_str     0x00000b68       0x85 ./Project_Settings/Startup_Code/__arm_start.o
                                0x1a0 (size before relaxing)
 .debug_str     0x00000bed       0x41 ./Project_Settings/Startup_Code/__arm_end.o
                                 0xd7 (size before relaxing)
 .debug_str     0x00000c2e      0xcd7 ./Sources/TSS/TSS_SystemSetupData.o
                                0xfa5 (size before relaxing)
 .debug_str     0x00001905      0x956 ./Sources/TSS/TSS_SensorTSIL.o
                                0xf09 (size before relaxing)
 .debug_str     0x0000225b      0x13e ./Sources/TSS/TSS_Sensor.o
                                0x5df (size before relaxing)
 .debug_str     0x00002399       0x22 ./Sources/ProcessorExpert.o
                                0x136 (size before relaxing)
 .debug_str     0x000023bb       0x7c ./Sources/Events.o
                                0x6e6 (size before relaxing)
 .debug_str     0x00002437       0x54 C:/Freescale/CW MCU v10.5/MCU/ARM_GCC_Support/ewl/lib/armv6-m\libc.a(exit.o)
                                0x157 (size before relaxing)
 .debug_str     0x0000248b       0x23 C:/Freescale/CW MCU v10.5/MCU/ARM_GCC_Support/ewl/lib/armv6-m\libc.a(memset.o)
                                0x140 (size before relaxing)
 .debug_str     0x000024ae      0x23b C:/Freescale/CW MCU v10.5/MCU/ARM_GCC_Support/ewl/lib/armv6-m\libc.a(printformat_.o)
                                0x3b3 (size before relaxing)
 .debug_str     0x000026e9      0x184 C:/Freescale/CW MCU v10.5/MCU/ARM_GCC_Support/ewl/lib/armv6-m\libc.a(scanformat_.o)
                                0x3f9 (size before relaxing)
 .debug_str     0x0000286d       0x9d C:/Freescale/CW MCU v10.5/MCU/ARM_GCC_Support/ewl/lib/armv6-m\libc.a(ctype_aeabi.o)
                                0x1bc (size before relaxing)
 .debug_str     0x0000290a       0x61 C:/Freescale/CW MCU v10.5/MCU/ARM_GCC_Support/ewl/lib/armv6-m\libc.a(__strtoul.o)
                                0x1fb (size before relaxing)
 .debug_str     0x0000296b       0x25 C:/Freescale/CW MCU v10.5/MCU/ARM_GCC_Support/ewl/lib/armv6-m\libc.a(__filll_mem.o)
                                0x152 (size before relaxing)
 .debug_str     0x00002990       0x1c C:/Freescale/CW MCU v10.5/MCU/ARM_GCC_Support/ewl/lib/armv6-m\libc.a(memchr.o)
                                0x148 (size before relaxing)
 .debug_str     0x000029ac       0x1c C:/Freescale/CW MCU v10.5/MCU/ARM_GCC_Support/ewl/lib/armv6-m\libc.a(memcpy.o)
                                0x138 (size before relaxing)
 .debug_str     0x000029c8       0x1c C:/Freescale/CW MCU v10.5/MCU/ARM_GCC_Support/ewl/lib/armv6-m\libc.a(strchr.o)
                                0x137 (size before relaxing)
 .debug_str     0x000029e4       0x1c C:/Freescale/CW MCU v10.5/MCU/ARM_GCC_Support/ewl/lib/armv6-m\libc.a(strlen.o)
                                0x140 (size before relaxing)
 .debug_str     0x00002a00      0x126 C:/Freescale/CW MCU v10.5/MCU/ARM_GCC_Support/ewl/lib/armv6-m\librt.a(gcc_ctor_dtor.o)
                                0x181 (size before relaxing)
 .debug_str     0x00002b26       0x9a C:/Freescale/CW MCU v10.5/MCU/ARM_GCC_Support/ewl/lib/armv6-m\librt.a(ROMCopy.o)
                                0x13c (size before relaxing)
 .debug_str     0x00002bc0       0xee C:/Freescale/CW MCU v10.5/MCU/ARM_GCC_Support/ewl/lib/armv6-m\librt.a(__arm_eabi_init.o)
                                0x1b5 (size before relaxing)

.comment        0x00000000       0xf2
 .comment       0x00000000       0x79 ./Generated_Code/Vectors.o
                                 0x7a (size before relaxing)
 .comment       0x00000000       0x7a ./Generated_Code/TU1.o
 .comment       0x00000000       0x7a ./Generated_Code/TSS1.o
 .comment       0x00000000       0x7a ./Generated_Code/PE_LDD.o
 .comment       0x00000000       0x7a ./Generated_Code/Cpu.o
 .comment       0x00000000       0x7a ./Project_Settings/Startup_Code/__arm_start.o
 .comment       0x00000000       0x7a ./Project_Settings/Startup_Code/__arm_end.o
 .comment       0x00000000       0x7a ./Sources/TSS/TSS_SystemSetupData.o
 .comment       0x00000000       0x7a ./Sources/TSS/TSS_SensorTSIL.o
 .comment       0x00000000       0x7a ./Sources/TSS/TSS_Sensor.o
 .comment       0x00000000       0x7a ./Sources/ProcessorExpert.o
 .comment       0x00000000       0x7a ./Sources/Events.o
 .comment       0x00000079       0x79 C:/Users/Alex/Desktop/Embedded/CodeWarrior/Tchpd/Sources/TSS\libTSS_KXX_M0.a(TSS_ASliderDecoder.o)
                                 0x7a (size before relaxing)
 .comment       0x00000000       0x7a C:/Users/Alex/Desktop/Embedded/CodeWarrior/Tchpd/Sources/TSS\libTSS_KXX_M0.a(TSS_Filters.o)
 .comment       0x00000000       0x7a C:/Users/Alex/Desktop/Embedded/CodeWarrior/Tchpd/Sources/TSS\libTSS_KXX_M0.a(TSS_KeyDetector.o)
 .comment       0x00000000       0x7a C:/Users/Alex/Desktop/Embedded/CodeWarrior/Tchpd/Sources/TSS\libTSS_KXX_M0.a(TSS_Main.o)
 .comment       0x00000000       0x7a C:/Freescale/CW MCU v10.5/MCU/ARM_GCC_Support/ewl/lib/armv6-m\libc.a(exit.o)
 .comment       0x00000000       0x7a C:/Freescale/CW MCU v10.5/MCU/ARM_GCC_Support/ewl/lib/armv6-m\libc.a(memset.o)
 .comment       0x00000000       0x7a C:/Freescale/CW MCU v10.5/MCU/ARM_GCC_Support/ewl/lib/armv6-m\libc.a(printformat_.o)
 .comment       0x00000000       0x7a C:/Freescale/CW MCU v10.5/MCU/ARM_GCC_Support/ewl/lib/armv6-m\libc.a(scanformat_.o)
 .comment       0x00000000       0x7a C:/Freescale/CW MCU v10.5/MCU/ARM_GCC_Support/ewl/lib/armv6-m\libc.a(ctype_aeabi.o)
 .comment       0x00000000       0x7a C:/Freescale/CW MCU v10.5/MCU/ARM_GCC_Support/ewl/lib/armv6-m\libc.a(__strtoul.o)
 .comment       0x00000000       0x7a C:/Freescale/CW MCU v10.5/MCU/ARM_GCC_Support/ewl/lib/armv6-m\libc.a(__filll_mem.o)
 .comment       0x00000000       0x7a C:/Freescale/CW MCU v10.5/MCU/ARM_GCC_Support/ewl/lib/armv6-m\libc.a(memchr.o)
 .comment       0x00000000       0x7a C:/Freescale/CW MCU v10.5/MCU/ARM_GCC_Support/ewl/lib/armv6-m\libc.a(memcpy.o)
 .comment       0x00000000       0x7a C:/Freescale/CW MCU v10.5/MCU/ARM_GCC_Support/ewl/lib/armv6-m\libc.a(strchr.o)
 .comment       0x00000000       0x7a C:/Freescale/CW MCU v10.5/MCU/ARM_GCC_Support/ewl/lib/armv6-m\libc.a(strlen.o)
 .comment       0x00000000       0x7a C:/Freescale/CW MCU v10.5/MCU/ARM_GCC_Support/ewl/lib/armv6-m\librt.a(gcc_ctor_dtor.o)
 .comment       0x00000000       0x7a C:/Freescale/CW MCU v10.5/MCU/ARM_GCC_Support/ewl/lib/armv6-m\librt.a(ROMCopy.o)
 .comment       0x00000000       0x7a C:/Freescale/CW MCU v10.5/MCU/ARM_GCC_Support/ewl/lib/armv6-m\librt.a(__arm_eabi_init.o)

.debug_loc      0x00000000     0x2de5
 .debug_loc     0x00000000       0x70 ./Generated_Code/TU1.o
 .debug_loc     0x00000070       0x64 ./Generated_Code/TSS1.o
 .debug_loc     0x000000d4       0x9c ./Generated_Code/PE_LDD.o
 .debug_loc     0x00000170       0xb0 ./Generated_Code/Cpu.o
 .debug_loc     0x00000220       0x2c ./Project_Settings/Startup_Code/__arm_start.o
 .debug_loc     0x0000024c       0x38 ./Project_Settings/Startup_Code/__arm_end.o
 .debug_loc     0x00000284       0x38 ./Sources/TSS/TSS_SystemSetupData.o
 .debug_loc     0x000002bc      0x2a2 ./Sources/TSS/TSS_SensorTSIL.o
 .debug_loc     0x0000055e       0xa8 ./Sources/TSS/TSS_Sensor.o
 .debug_loc     0x00000606       0x2c ./Sources/ProcessorExpert.o
 .debug_loc     0x00000632       0xc8 ./Sources/Events.o
 .debug_loc     0x000006fa       0x3e C:/Freescale/CW MCU v10.5/MCU/ARM_GCC_Support/ewl/lib/armv6-m\libc.a(exit.o)
 .debug_loc     0x00000738       0x6f C:/Freescale/CW MCU v10.5/MCU/ARM_GCC_Support/ewl/lib/armv6-m\libc.a(memset.o)
 .debug_loc     0x000007a7     0x104b C:/Freescale/CW MCU v10.5/MCU/ARM_GCC_Support/ewl/lib/armv6-m\libc.a(printformat_.o)
 .debug_loc     0x000017f2      0x9d8 C:/Freescale/CW MCU v10.5/MCU/ARM_GCC_Support/ewl/lib/armv6-m\libc.a(scanformat_.o)
 .debug_loc     0x000021ca      0x30d C:/Freescale/CW MCU v10.5/MCU/ARM_GCC_Support/ewl/lib/armv6-m\libc.a(ctype_aeabi.o)
 .debug_loc     0x000024d7      0x305 C:/Freescale/CW MCU v10.5/MCU/ARM_GCC_Support/ewl/lib/armv6-m\libc.a(__strtoul.o)
 .debug_loc     0x000027dc      0x14a C:/Freescale/CW MCU v10.5/MCU/ARM_GCC_Support/ewl/lib/armv6-m\libc.a(__filll_mem.o)
 .debug_loc     0x00002926       0x77 C:/Freescale/CW MCU v10.5/MCU/ARM_GCC_Support/ewl/lib/armv6-m\libc.a(memchr.o)
 .debug_loc     0x0000299d       0x59 C:/Freescale/CW MCU v10.5/MCU/ARM_GCC_Support/ewl/lib/armv6-m\libc.a(memcpy.o)
 .debug_loc     0x000029f6       0xaf C:/Freescale/CW MCU v10.5/MCU/ARM_GCC_Support/ewl/lib/armv6-m\libc.a(strchr.o)
 .debug_loc     0x00002aa5       0x33 C:/Freescale/CW MCU v10.5/MCU/ARM_GCC_Support/ewl/lib/armv6-m\libc.a(strlen.o)
 .debug_loc     0x00002ad8       0x9d C:/Freescale/CW MCU v10.5/MCU/ARM_GCC_Support/ewl/lib/armv6-m\librt.a(gcc_ctor_dtor.o)
 .debug_loc     0x00002b75       0xd9 C:/Freescale/CW MCU v10.5/MCU/ARM_GCC_Support/ewl/lib/armv6-m\librt.a(ROMCopy.o)
 .debug_loc     0x00002c4e      0x197 C:/Freescale/CW MCU v10.5/MCU/ARM_GCC_Support/ewl/lib/armv6-m\librt.a(__arm_eabi_init.o)

.debug_frame    0x00000000      0x9a8
 .debug_frame   0x00000000       0x50 ./Generated_Code/TU1.o
 .debug_frame   0x00000050       0x4c ./Generated_Code/TSS1.o
 .debug_frame   0x0000009c       0x6c ./Generated_Code/PE_LDD.o
 .debug_frame   0x00000108       0x80 ./Generated_Code/Cpu.o
 .debug_frame   0x00000188       0x4c ./Project_Settings/Startup_Code/__arm_start.o
 .debug_frame   0x000001d4       0x30 ./Project_Settings/Startup_Code/__arm_end.o
 .debug_frame   0x00000204       0x30 ./Sources/TSS/TSS_SystemSetupData.o
 .debug_frame   0x00000234      0x190 ./Sources/TSS/TSS_SensorTSIL.o
 .debug_frame   0x000003c4       0x70 ./Sources/TSS/TSS_Sensor.o
 .debug_frame   0x00000434       0x2c ./Sources/ProcessorExpert.o
 .debug_frame   0x00000460       0x88 ./Sources/Events.o
 .debug_frame   0x000004e8       0x2c C:/Freescale/CW MCU v10.5/MCU/ARM_GCC_Support/ewl/lib/armv6-m\libc.a(exit.o)
 .debug_frame   0x00000514       0x28 C:/Freescale/CW MCU v10.5/MCU/ARM_GCC_Support/ewl/lib/armv6-m\libc.a(memset.o)
 .debug_frame   0x0000053c       0x54 C:/Freescale/CW MCU v10.5/MCU/ARM_GCC_Support/ewl/lib/armv6-m\libc.a(printformat_.o)
 .debug_frame   0x00000590       0x34 C:/Freescale/CW MCU v10.5/MCU/ARM_GCC_Support/ewl/lib/armv6-m\libc.a(scanformat_.o)
 .debug_frame   0x000005c4      0x158 C:/Freescale/CW MCU v10.5/MCU/ARM_GCC_Support/ewl/lib/armv6-m\libc.a(ctype_aeabi.o)
 .debug_frame   0x0000071c       0x30 C:/Freescale/CW MCU v10.5/MCU/ARM_GCC_Support/ewl/lib/armv6-m\libc.a(__strtoul.o)
 .debug_frame   0x0000074c       0x2c C:/Freescale/CW MCU v10.5/MCU/ARM_GCC_Support/ewl/lib/armv6-m\libc.a(__filll_mem.o)
 .debug_frame   0x00000778       0x28 C:/Freescale/CW MCU v10.5/MCU/ARM_GCC_Support/ewl/lib/armv6-m\libc.a(memchr.o)
 .debug_frame   0x000007a0       0x28 C:/Freescale/CW MCU v10.5/MCU/ARM_GCC_Support/ewl/lib/armv6-m\libc.a(memcpy.o)
 .debug_frame   0x000007c8       0x28 C:/Freescale/CW MCU v10.5/MCU/ARM_GCC_Support/ewl/lib/armv6-m\libc.a(strchr.o)
 .debug_frame   0x000007f0       0x28 C:/Freescale/CW MCU v10.5/MCU/ARM_GCC_Support/ewl/lib/armv6-m\libc.a(strlen.o)
 .debug_frame   0x00000818       0x20 c:/freescale/cw mcu v10.5/cross_tools/arm-none-eabi-gcc-4_7_3/bin/../lib/gcc/arm-none-eabi/4.7.3/armv6-m\libgcc.a(_udivsi3.o)
 .debug_frame   0x00000838       0x20 c:/freescale/cw mcu v10.5/cross_tools/arm-none-eabi-gcc-4_7_3/bin/../lib/gcc/arm-none-eabi/4.7.3/armv6-m\libgcc.a(_divsi3.o)
 .debug_frame   0x00000858       0x40 C:/Freescale/CW MCU v10.5/MCU/ARM_GCC_Support/ewl/lib/armv6-m\librt.a(gcc_ctor_dtor.o)
 .debug_frame   0x00000898       0x54 C:/Freescale/CW MCU v10.5/MCU/ARM_GCC_Support/ewl/lib/armv6-m\librt.a(ROMCopy.o)
 .debug_frame   0x000008ec       0xbc C:/Freescale/CW MCU v10.5/MCU/ARM_GCC_Support/ewl/lib/armv6-m\librt.a(__arm_eabi_init.o)
